Component: Arm Compiler for Embedded 6.19 Tool: armlink [5e73cb00]

==============================================================================

Section Cross References

    divider.o(.text.hw_divider_divmod_s32) refers to divider.o(.text.hw_divider_divmod_return) for hw_divider_divmod_return
    divider.o(.text.hw_divider_divmod_u32) refers to divider.o(.text.hw_divider_divmod_return) for hw_divider_divmod_return
    irq_handler_chain.o(.data) refers to lto-llvm-057576.o(.text.irq_add_tail_to_free_list) for irq_add_tail_to_free_list
    use_no_semi_2.o(.text) refers (Special) to use_no_semi.o(.text) for __use_no_semihosting_swi
    malloc.o(.text) refers (Special) to hguard.o(.text) for __heap$guard
    malloc.o(.text) refers (Special) to init_alloc.o(.text) for _init_alloc
    malloc.o(.text) refers to rt_heap_descriptor_intlibspace.o(.text) for __rt_heap_descriptor
    free.o(.text) refers (Special) to hguard.o(.text) for __heap$guard
    free.o(.text) refers to rt_heap_descriptor_intlibspace.o(.text) for __rt_heap_descriptor
    calloc.o(.text) refers to calloc.o(i.__ARM_common_ll_muluu) for __ARM_common_ll_muluu
    calloc.o(.text) refers to h1_alloc.o(.text) for malloc
    calloc.o(.text) refers to rt_memclr.o(.text) for __aeabi_memclr
    h1_alloc.o(.text) refers (Special) to h1_init.o(.text) for __Heap_Initialize
    h1_alloc.o(.text) refers to rt_heap_descriptor_intlibspace.o(.text) for __rt_heap_descriptor
    h1_alloc.o(.text) refers to init_alloc.o(.text) for __Heap_Full
    h1_free.o(.text) refers to rt_heap_descriptor_intlibspace.o(.text) for __rt_heap_descriptor
    h1_alloc_threads.o(.text) refers (Special) to h1_init.o(.text) for __Heap_Initialize
    h1_alloc_threads.o(.text) refers to init_alloc.o(.text) for __Heap_Full
    h1_alloc_threads.o(.text) refers to rt_heap_descriptor_intlibspace.o(.text) for __rt_heap_descriptor
    h1_free_threads.o(.text) refers to rt_heap_descriptor_intlibspace.o(.text) for __rt_heap_descriptor
    heap2.o(i._FDIterate) refers to heap2.o(.conststring) for .conststring
    heap2.o(i.__Heap_ProvideMemory$realtime) refers to fdtree.o(i._FDTree_Delete) for _FDTree_Delete
    heap2.o(i.__Heap_ProvideMemory$realtime) refers to fdtree.o(i._FDTree_Insert) for _FDTree_Insert
    heap2.o(i.__Heap_Stats$realtime) refers to heap2.o(i._Heap2_StatsIterate) for _Heap2_StatsIterate
    heap2.o(i.__Heap_Stats$realtime) refers to aeabi_sdiv.o(.text) for __aeabi_uidivmod
    heap2.o(i.__Heap_Valid$realtime) refers to heap2.o(i._FDIterate) for _FDIterate
    heap2.o(i.__Heap_Valid$realtime) refers to heap2.o(.conststring) for .conststring
    heap2.o(i.free$realtime) refers to rt_heap_descriptor_intlibspace.o(.text) for __rt_heap_descriptor
    heap2.o(i.free$realtime) refers to fdtree.o(i._FDTree_Delete) for _FDTree_Delete
    heap2.o(i.free$realtime) refers to fdtree.o(i._FDTree_Insert) for _FDTree_Insert
    heap2.o(i.malloc$realtime) refers to rt_heap_descriptor_intlibspace.o(.text) for __rt_heap_descriptor
    heap2.o(i.malloc$realtime) refers to fdtree.o(i._FDTree_FindFirst) for _FDTree_FindFirst
    heap2.o(i.malloc$realtime) refers to init_alloc.o(.text) for __Heap_Full
    heap2.o(i.malloc$realtime) refers to fdtree.o(i._FDTree_RemoveNode) for _FDTree_RemoveNode
    heap2.o(i.malloc$realtime) refers to fdtree.o(i._FDTree_Insert) for _FDTree_Insert
    heap2.o(i.posix_memalign$realtime) refers to rt_heap_descriptor_intlibspace.o(.text) for __rt_heap_descriptor
    heap2.o(i.posix_memalign$realtime) refers to fdtree.o(i._FDTree_FindFirst) for _FDTree_FindFirst
    heap2.o(i.posix_memalign$realtime) refers to init_alloc.o(.text) for __Heap_Full
    heap2.o(i.posix_memalign$realtime) refers to fdtree.o(i._FDTree_RemoveNode) for _FDTree_RemoveNode
    heap2.o(i.posix_memalign$realtime) refers to fdtree.o(i._FDTree_Insert) for _FDTree_Insert
    heap2.o(i.realloc$realtime) refers to rt_heap_descriptor_intlibspace.o(.text) for __rt_heap_descriptor
    heap2.o(i.realloc$realtime) refers to h1_free.o(.text) for free
    heap2.o(i.realloc$realtime) refers to h1_alloc.o(.text) for malloc
    heap2.o(i.realloc$realtime) refers to fdtree.o(i._FDTree_Delete) for _FDTree_Delete
    heap2.o(i.realloc$realtime) refers to fdtree.o(i._FDTree_Insert) for _FDTree_Insert
    heap2.o(i.realloc$realtime) refers to rt_memcpy.o(.emb_text) for __aeabi_memcpy4
    heap2_threads.o(i._FDIterate) refers to heap2_threads.o(.conststring) for .conststring
    heap2_threads.o(i.__Heap_ProvideMemory$realtime$concurrent) refers to fdtree.o(i._FDTree_Delete) for _FDTree_Delete
    heap2_threads.o(i.__Heap_ProvideMemory$realtime$concurrent) refers to fdtree.o(i._FDTree_Insert) for _FDTree_Insert
    heap2_threads.o(i.__Heap_Stats$realtime$concurrent) refers to heap2_threads.o(i._Heap2_StatsIterate) for _Heap2_StatsIterate
    heap2_threads.o(i.__Heap_Stats$realtime$concurrent) refers to aeabi_sdiv.o(.text) for __aeabi_uidivmod
[...]
    __arm_cp.2_36                            0x10002d54   Number         4  lto-llvm-057576.o(.text.__pico_entry)
    __arm_cp.2_37                            0x10002d58   Number         4  lto-llvm-057576.o(.text.__pico_entry)
    __arm_cp.2_38                            0x10002d5c   Number         4  lto-llvm-057576.o(.text.__pico_entry)
    __arm_cp.2_39                            0x10002d60   Number         4  lto-llvm-057576.o(.text.__pico_entry)
    __arm_cp.2_40                            0x10002d64   Number         4  lto-llvm-057576.o(.text.__pico_entry)
    __arm_cp.2_41                            0x10002d68   Number         4  lto-llvm-057576.o(.text.__pico_entry)
    __arm_cp.2_42                            0x10002d6c   Number         4  lto-llvm-057576.o(.text.__pico_entry)
    __arm_cp.2_43                            0x10002d70   Number         4  lto-llvm-057576.o(.text.__pico_entry)
    __arm_cp.2_44                            0x10002d74   Number         4  lto-llvm-057576.o(.text.__pico_entry)
    __arm_cp.2_45                            0x10002d78   Number         4  lto-llvm-057576.o(.text.__pico_entry)
    __arm_cp.2_47                            0x10002db4   Number         4  lto-llvm-057576.o(.text.__pico_entry)
    __arm_cp.2_48                            0x10002db8   Number         4  lto-llvm-057576.o(.text.__pico_entry)
    __arm_cp.2_49                            0x10002dbc   Number         4  lto-llvm-057576.o(.text.__pico_entry)
    __arm_cp.2_50                            0x10002dc0   Number         4  lto-llvm-057576.o(.text.__pico_entry)
    __arm_cp.2_51                            0x10002dc4   Number         4  lto-llvm-057576.o(.text.__pico_entry)
    __arm_cp.2_52                            0x10002dc8   Number         4  lto-llvm-057576.o(.text.__pico_entry)
    __arm_cp.2_53                            0x10002dcc   Number         4  lto-llvm-057576.o(.text.__pico_entry)
    __arm_cp.2_55                            0x10002df0   Number         4  lto-llvm-057576.o(.text.__pico_entry)
    _retrieve_unique_id_on_boot              0x10002df5   Thumb Code    30  lto-llvm-057576.o(.text._retrieve_unique_id_on_boot)
    [Anonymous Symbol]                       0x10002df4   Section        0  lto-llvm-057576.o(.text._retrieve_unique_id_on_boot)
    [Anonymous Symbol]                       0x10002e12   Section        0  lto-llvm-057576.o(.text._sys_exit)
    add_alarm_under_lock                     0x10002e15   Thumb Code   356  lto-llvm-057576.o(.text.add_alarm_under_lock)
    [Anonymous Symbol]                       0x10002e14   Section        0  lto-llvm-057576.o(.text.add_alarm_under_lock)
    __arm_cp.12_0                            0x10002f78   Number         4  lto-llvm-057576.o(.text.add_alarm_under_lock)
    __arm_cp.12_1                            0x10002f7c   Number         4  lto-llvm-057576.o(.text.add_alarm_under_lock)
    __arm_cp.12_4                            0x10002fa8   Number         4  lto-llvm-057576.o(.text.add_alarm_under_lock)
    alarm_pool_alarm_callback                0x10002fad   Thumb Code   720  lto-llvm-057576.o(.text.alarm_pool_alarm_callback)
    [Anonymous Symbol]                       0x10002fac   Section        0  lto-llvm-057576.o(.text.alarm_pool_alarm_callback)
    __arm_cp.11_0                            0x1000327c   Number         4  lto-llvm-057576.o(.text.alarm_pool_alarm_callback)
    __arm_cp.11_1                            0x10003280   Number         4  lto-llvm-057576.o(.text.alarm_pool_alarm_callback)
    __arm_cp.11_2                            0x10003284   Number         4  lto-llvm-057576.o(.text.alarm_pool_alarm_callback)
    __arm_cp.11_3                            0x10003288   Number         4  lto-llvm-057576.o(.text.alarm_pool_alarm_callback)
    __arm_cp.11_5                            0x10003298   Number         4  lto-llvm-057576.o(.text.alarm_pool_alarm_callback)
    __arm_cp.11_6                            0x1000329c   Number         4  lto-llvm-057576.o(.text.alarm_pool_alarm_callback)
    __arm_cp.11_7                            0x100032a0   Number         4  lto-llvm-057576.o(.text.alarm_pool_alarm_callback)
    __arm_cp.11_8                            0x100032a4   Number         4  lto-llvm-057576.o(.text.alarm_pool_alarm_callback)
    __arm_cp.11_9                            0x100032a8   Number         4  lto-llvm-057576.o(.text.alarm_pool_alarm_callback)
    __arm_cp.11_10                           0x100032ac   Number         4  lto-llvm-057576.o(.text.alarm_pool_alarm_callback)
    __arm_cp.11_11                           0x100032b0   Number         4  lto-llvm-057576.o(.text.alarm_pool_alarm_callback)
    [Anonymous Symbol]                       0x100032d8   Section        0  lto-llvm-057576.o(.text.fputc)
    __arm_cp.3_1                             0x10003384   Number         4  lto-llvm-057576.o(.text.fputc)
    __arm_cp.3_2                             0x10003388   Number         4  lto-llvm-057576.o(.text.fputc)
    __arm_cp.3_3                             0x1000338c   Number         4  lto-llvm-057576.o(.text.fputc)
    __arm_cp.3_4                             0x10003390   Number         4  lto-llvm-057576.o(.text.fputc)
    __arm_cp.3_5                             0x10003394   Number         4  lto-llvm-057576.o(.text.fputc)
    __arm_cp.3_6                             0x10003398   Number         4  lto-llvm-057576.o(.text.fputc)
    __arm_cp.3_7                             0x1000339c   Number         4  lto-llvm-057576.o(.text.fputc)
    __arm_cp.3_8                             0x100033a0   Number         4  lto-llvm-057576.o(.text.fputc)
    hardware_alarm_irq_handler               0x100033a5   Thumb Code   128  lto-llvm-057576.o(.text.hardware_alarm_irq_handler)
    [Anonymous Symbol]                       0x100033a4   Section        0  lto-llvm-057576.o(.text.hardware_alarm_irq_handler)
    __arm_cp.21_1                            0x10003424   Number         4  lto-llvm-057576.o(.text.hardware_alarm_irq_handler)
    __arm_cp.21_2                            0x10003428   Number         4  lto-llvm-057576.o(.text.hardware_alarm_irq_handler)
    __arm_cp.21_5                            0x1000342c   Number         4  lto-llvm-057576.o(.text.hardware_alarm_irq_handler)
    hardware_alarm_set_target                0x10003431   Thumb Code   228  lto-llvm-057576.o(.text.hardware_alarm_set_target)
    [Anonymous Symbol]                       0x10003430   Section        0  lto-llvm-057576.o(.text.hardware_alarm_set_target)
    __arm_cp.22_0                            0x10003514   Number         4  lto-llvm-057576.o(.text.hardware_alarm_set_target)
    __arm_cp.22_1                            0x10003518   Number         4  lto-llvm-057576.o(.text.hardware_alarm_set_target)
    __arm_cp.22_2                            0x1000351c   Number         4  lto-llvm-057576.o(.text.hardware_alarm_set_target)
    __arm_cp.22_3                            0x10003520   Number         4  lto-llvm-057576.o(.text.hardware_alarm_set_target)
    __arm_cp.22_4                            0x10003524   Number         4  lto-llvm-057576.o(.text.hardware_alarm_set_target)
    __arm_cp.22_6                            0x1000354c   Number         4  lto-llvm-057576.o(.text.hardware_alarm_set_target)
    [Anonymous Symbol]                       0x10003550   Section        0  lto-llvm-057576.o(.text.main)
    __arm_cp.1_0                             0x100035cc   Number         4  lto-llvm-057576.o(.text.main)
    __arm_cp.1_1                             0x100035d0   Number         4  lto-llvm-057576.o(.text.main)
    __arm_cp.1_2                             0x100035d4   Number         4  lto-llvm-057576.o(.text.main)
    __arm_cp.1_3                             0x100035d8   Number         4  lto-llvm-057576.o(.text.main)
    __arm_cp.1_5                             0x100035f4   Number         4  lto-llvm-057576.o(.text.main)
    __arm_cp.1_6                             0x100035f8   Number         4  lto-llvm-057576.o(.text.main)
    __arm_cp.1_7                             0x100035fc   Number         4  lto-llvm-057576.o(.text.main)
    __arm_cp.1_8                             0x10003600   Number         4  lto-llvm-057576.o(.text.main)
    __arm_cp.1_9                             0x10003604   Number         4  lto-llvm-057576.o(.text.main)
    __arm_cp.1_10                            0x10003608   Number         4  lto-llvm-057576.o(.text.main)
    panic                                    0x1000360d   Thumb Code    36  lto-llvm-057576.o(.text.panic)
    [Anonymous Symbol]                       0x1000360c   Section        0  lto-llvm-057576.o(.text.panic)
    ph_merge_two_pass                        0x10003669   Thumb Code   308  lto-llvm-057576.o(.text.ph_merge_two_pass)
    [Anonymous Symbol]                       0x10003668   Section        0  lto-llvm-057576.o(.text.ph_merge_two_pass)
    __arm_cp.13_2                            0x1000379c   Number         4  lto-llvm-057576.o(.text.ph_merge_two_pass)
    ph_remove_and_free_node                  0x100037a1   Thumb Code   304  lto-llvm-057576.o(.text.ph_remove_and_free_node)
    [Anonymous Symbol]                       0x100037a0   Section        0  lto-llvm-057576.o(.text.ph_remove_and_free_node)
    __arm_cp.15_0                            0x100038d0   Number         4  lto-llvm-057576.o(.text.ph_remove_and_free_node)
    __arm_cp.15_1                            0x100038d4   Number         4  lto-llvm-057576.o(.text.ph_remove_and_free_node)
    __arm_cp.15_2                            0x100038d8   Number         4  lto-llvm-057576.o(.text.ph_remove_and_free_node)
    __arm_cp.15_3                            0x100038dc   Number         4  lto-llvm-057576.o(.text.ph_remove_and_free_node)
    ph_remove_any_head                       0x10003901   Thumb Code   188  lto-llvm-057576.o(.text.ph_remove_any_head)
    [Anonymous Symbol]                       0x10003900   Section        0  lto-llvm-057576.o(.text.ph_remove_any_head)
    __arm_cp.14_1                            0x100039e4   Number         4  lto-llvm-057576.o(.text.ph_remove_any_head)
    __arm_cp.14_3                            0x10003a0c   Number         4  lto-llvm-057576.o(.text.ph_remove_any_head)
    __arm_cp.14_4                            0x10003a10   Number         4  lto-llvm-057576.o(.text.ph_remove_any_head)
    __arm_cp.14_5                            0x10003a14   Number         4  lto-llvm-057576.o(.text.ph_remove_any_head)
    timer_pool_entry_comparator              0x10003a21   Thumb Code    68  lto-llvm-057576.o(.text.timer_pool_entry_comparator)
    [Anonymous Symbol]                       0x10003a20   Section        0  lto-llvm-057576.o(.text.timer_pool_entry_comparator)
    __arm_cp.10_0                            0x10003a64   Number         4  lto-llvm-057576.o(.text.timer_pool_entry_comparator)
    __arm_cp.10_1                            0x10003a68   Number         4  lto-llvm-057576.o(.text.timer_pool_entry_comparator)
    Long Thumb to Thumb Veneer to mutex_try_enter_block_until 0x10003a6d   Thumb Code    12  anon$$obj.o(Veneer$$Code)
    Long Thumb to Thumb Veneer to flash_do_cmd 0x10003a79   Thumb Code    12  anon$$obj.o(Veneer$$Code)
    i.__ARM_common_ll_muluu                  0x10003a84   Section        0  calloc.o(i.__ARM_common_ll_muluu)
    i.__ARM_fpclassify                       0x10003ab8   Section        0  fpclassify.o(i.__ARM_fpclassify)
    i._is_digit                              0x10003ae4   Section        0  __printf_wp.o(i._is_digit)
    locale$$code                             0x10003af4   Section       44  lc_numeric_c.o(locale$$code)
    locale$$code                             0x10003b20   Section       44  lc_ctype_c.o(locale$$code)
    x$fpl$printf1                            0x10003b4c   Section       16  printf1.o(x$fpl$printf1)
    x$fpl$printf2                            0x10003b5c   Section       16  printf2.o(x$fpl$printf2)
    uc_hextab                                0x10003b6c   Data          20  _printf_hex_int_ll_ptr.o(.constdata)
    .constdata                               0x10003b6c   Section       40  _printf_hex_int_ll_ptr.o(.constdata)
    x$fpl$usenofp                            0x10003b6c   Section        0  usenofp.o(x$fpl$usenofp)
    lc_hextab                                0x10003b80   Data          20  _printf_hex_int_ll_ptr.o(.constdata)
    maptable                                 0x10003b94   Data          17  __printf_flags_ss_wp.o(.constdata)
    .constdata                               0x10003b94   Section       17  __printf_flags_ss_wp.o(.constdata)
    initial_mbstate                          0x10003ba8   Data           8  _printf_wctomb.o(.constdata)
    .constdata                               0x10003ba8   Section        8  _printf_wctomb.o(.constdata)
    .constdata                               0x10003bb0   Section        4  sys_io_names.o(.constdata)
    .constdata                               0x10003bb4   Section        4  sys_io_names.o(.constdata)
    .constdata                               0x10003bb8   Section        4  sys_io_names.o(.constdata)
    lc_hextab                                0x10003bbc   Data          19  _printf_fp_hex.o(.constdata)
    .constdata                               0x10003bbc   Section       38  _printf_fp_hex.o(.constdata)
    uc_hextab                                0x10003bcf   Data          19  _printf_fp_hex.o(.constdata)
    tenpwrs_x                                0x10003be4   Data          60  bigflt0.o(.constdata)
    .constdata                               0x10003be4   Section      148  bigflt0.o(.constdata)
    tenpwrs_i                                0x10003c20   Data          64  bigflt0.o(.constdata)
    [Anonymous Symbol]                       0x10003c78   Section        0  lto-llvm-057576.o(.rodata.str1.1)
    locale$$data                             0x10004124   Section       28  lc_numeric_c.o(locale$$data)
    __lcnum_c_name                           0x10004128   Data           2  lc_numeric_c.o(locale$$data)
    __lcnum_c_start                          0x10004130   Data           0  lc_numeric_c.o(locale$$data)
    __lcnum_c_point                          0x1000413c   Data           0  lc_numeric_c.o(locale$$data)
    __lcnum_c_thousands                      0x1000413e   Data           0  lc_numeric_c.o(locale$$data)
    __lcnum_c_grouping                       0x1000413f   Data           0  lc_numeric_c.o(locale$$data)
    __lcnum_c_end                            0x10004140   Data           0  lc_numeric_c.o(locale$$data)
    locale$$data                             0x10004140   Section      272  lc_ctype_c.o(locale$$data)
    __lcctype_c_name                         0x10004144   Data           2  lc_ctype_c.o(locale$$data)
    __lcctype_c_start                        0x1000414c   Data           0  lc_ctype_c.o(locale$$data)
    __lcctype_c_end                          0x10004250   Data           0  lc_ctype_c.o(locale$$data)
    .init_array                              0x10004258   Section        0  init_aeabi.o(.init_array)
    ram_vector_table                         0x20000000   Data         192  lto-llvm-057576.o(.ram_vector_table)
    [Anonymous Symbol]                       0x20000000   Section        0  lto-llvm-057576.o(.ram_vector_table)
    print_mutex.1                            0x200012c0   Data           1  lto-llvm-057576.o(.mutex_array)
    [Anonymous Symbol]                       0x200012c0   Section        0  lto-llvm-057576.o(.mutex_array)
    flash_cs_force                           0x200012c9   Thumb Code    28  lto-llvm-057576.o(.time_critical.flash_cs_force)
    [Anonymous Symbol]                       0x200012c8   Section        0  lto-llvm-057576.o(.time_critical.flash_cs_force)
    __arm_cp.19_0                            0x200012e4   Number         4  lto-llvm-057576.o(.time_critical.flash_cs_force)
    __arm_cp.19_1                            0x200012e8   Number         4  lto-llvm-057576.o(.time_critical.flash_cs_force)
    flash_do_cmd                             0x200012ed   Thumb Code   192  lto-llvm-057576.o(.time_critical.flash_do_cmd)
    [Anonymous Symbol]                       0x200012ec   Section        0  lto-llvm-057576.o(.time_critical.flash_do_cmd)
    __arm_cp.18_0                            0x200013ac   Number         4  lto-llvm-057576.o(.time_critical.flash_do_cmd)
    __arm_cp.18_1                            0x200013b0   Number         4  lto-llvm-057576.o(.time_critical.flash_do_cmd)
    __arm_cp.18_2                            0x200013b4   Number         4  lto-llvm-057576.o(.time_critical.flash_do_cmd)
    __arm_cp.18_4                            0x200013f8   Number         4  lto-llvm-057576.o(.time_critical.flash_do_cmd)
    __arm_cp.18_5                            0x200013fc   Number         4  lto-llvm-057576.o(.time_critical.flash_do_cmd)
    flash_enable_xip_via_boot2               0x20001401   Thumb Code    12  lto-llvm-057576.o(.time_critical.flash_enable_xip_via_boot2)
    [Anonymous Symbol]                       0x20001400   Section        0  lto-llvm-057576.o(.time_critical.flash_enable_xip_via_boot2)
    flash_init_boot2_copyout                 0x2000140d   Thumb Code   344  lto-llvm-057576.o(.time_critical.flash_init_boot2_copyout)
    [Anonymous Symbol]                       0x2000140c   Section        0  lto-llvm-057576.o(.time_critical.flash_init_boot2_copyout)
    __arm_cp.16_0                            0x20001564   Number         4  lto-llvm-057576.o(.time_critical.flash_init_boot2_copyout)
    __arm_cp.16_1                            0x20001568   Number         4  lto-llvm-057576.o(.time_critical.flash_init_boot2_copyout)
    __arm_cp.16_2                            0x2000156c   Number         4  lto-llvm-057576.o(.time_critical.flash_init_boot2_copyout)
    mutex_try_enter_block_until              0x20001571   Thumb Code   100  lto-llvm-057576.o(.time_critical.mutex_try_enter_block_until)
    [Anonymous Symbol]                       0x20001570   Section        0  lto-llvm-057576.o(.time_critical.mutex_try_enter_block_until)
    __arm_cp.9_0                             0x200015d4   Number         4  lto-llvm-057576.o(.time_critical.mutex_try_enter_block_until)
    __arm_cp.9_2                             0x200015ec   Number         4  lto-llvm-057576.o(.time_critical.mutex_try_enter_block_until)
    .data                                    0x200015fc   Section        4  stdio_streams.o(.data)
    .data                                    0x20001600   Section        4  stdio_streams.o(.data)
    .data                                    0x20001604   Section        4  stdio_streams.o(.data)
    breath_led.s_nGray                       0x20001608   Data           2  lto-llvm-057576.o(.data.breath_led.s_nGray)
    [Anonymous Symbol]                       0x20001608   Section        0  lto-llvm-057576.o(.data.breath_led.s_nGray)
    default_alarm_pool                       0x2000160c   Data          24  lto-llvm-057576.o(.data.default_alarm_pool)
    [Anonymous Symbol]                       0x2000160c   Section        0  lto-llvm-057576.o(.data.default_alarm_pool)
    default_alarm_pool_heap                  0x20001624   Data          16  lto-llvm-057576.o(.data.default_alarm_pool_heap)
    [Anonymous Symbol]                       0x20001624   Section        0  lto-llvm-057576.o(.data.default_alarm_pool_heap)
    striped_spin_lock_num                    0x20001634   Data           1  lto-llvm-057576.o(.data.striped_spin_lock_num)
    [Anonymous Symbol]                       0x20001634   Section        0  lto-llvm-057576.o(.data.striped_spin_lock_num)
    .bss                                     0x20001638   Section       84  stdio_streams.o(.bss)
    .bss                                     0x2000168c   Section       84  stdio_streams.o(.bss)
    .bss                                     0x200016e0   Section       84  stdio_streams.o(.bss)
    .bss                                     0x20001734   Section       96  libspace.o(.bss)
    alarm_callbacks                          0x20001794   Data          16  lto-llvm-057576.o(.bss.alarm_callbacks)
    [Anonymous Symbol]                       0x20001794   Section        0  lto-llvm-057576.o(.bss.alarm_callbacks)
    boot2_copyout                            0x200017a4   Data         256  lto-llvm-057576.o(.bss.boot2_copyout)
    [Anonymous Symbol]                       0x200017a4   Section        0  lto-llvm-057576.o(.bss.boot2_copyout)
    boot2_copyout_valid                      0x200018a4   Data           1  lto-llvm-057576.o(.bss.boot2_copyout_valid)
    [Anonymous Symbol]                       0x200018a4   Section        0  lto-llvm-057576.o(.bss.boot2_copyout_valid)
    breath_led.s_hwCounter                   0x200018a6   Data           2  lto-llvm-057576.o(.bss.breath_led.s_hwCounter)
    [Anonymous Symbol]                       0x200018a6   Section        0  lto-llvm-057576.o(.bss.breath_led.s_hwCounter)
    claimed.160                              0x200018a8   Data           1  lto-llvm-057576.o(.bss.claimed.160)
    [Anonymous Symbol]                       0x200018a8   Section        0  lto-llvm-057576.o(.bss.claimed.160)
    configured_freq.4                        0x200018ac   Data           4  lto-llvm-057576.o(.bss.configured_freq.4)
    [Anonymous Symbol]                       0x200018ac   Section        0  lto-llvm-057576.o(.bss.configured_freq.4)
    configured_freq.5                        0x200018b0   Data           4  lto-llvm-057576.o(.bss.configured_freq.5)
    [Anonymous Symbol]                       0x200018b0   Section        0  lto-llvm-057576.o(.bss.configured_freq.5)
    configured_freq.6                        0x200018b4   Data           4  lto-llvm-057576.o(.bss.configured_freq.6)
    [Anonymous Symbol]                       0x200018b4   Section        0  lto-llvm-057576.o(.bss.configured_freq.6)
    configured_freq.7                        0x200018b8   Data           1  lto-llvm-057576.o(.bss.configured_freq.7)
    [Anonymous Symbol]                       0x200018b8   Section        0  lto-llvm-057576.o(.bss.configured_freq.7)
    configured_freq.8                        0x200018bc   Data           1  lto-llvm-057576.o(.bss.configured_freq.8)
    [Anonymous Symbol]                       0x200018bc   Section        0  lto-llvm-057576.o(.bss.configured_freq.8)
    configured_freq.9                        0x200018c0   Data           1  lto-llvm-057576.o(.bss.configured_freq.9)
    [Anonymous Symbol]                       0x200018c0   Section        0  lto-llvm-057576.o(.bss.configured_freq.9)
    default_alarm_pool_entries               0x200018c8   Data         256  lto-llvm-057576.o(.bss.default_alarm_pool_entries)
    [Anonymous Symbol]                       0x200018c8   Section        0  lto-llvm-057576.o(.bss.default_alarm_pool_entries)
    default_alarm_pool_entry_ids_high        0x200019c8   Data          16  lto-llvm-057576.o(.bss.default_alarm_pool_entry_ids_high)
    [Anonymous Symbol]                       0x200019c8   Section        0  lto-llvm-057576.o(.bss.default_alarm_pool_entry_ids_high)
    default_alarm_pool_heap_nodes            0x200019d8   Data          48  lto-llvm-057576.o(.bss.default_alarm_pool_heap_nodes)
    [Anonymous Symbol]                       0x200019d8   Section        0  lto-llvm-057576.o(.bss.default_alarm_pool_heap_nodes)
    pools                                    0x20001a08   Data          16  lto-llvm-057576.o(.bss.pools)
    [Anonymous Symbol]                       0x20001a08   Section        0  lto-llvm-057576.o(.bss.pools)
    set_led_gradation.s_hwCounter            0x20001a18   Data           2  lto-llvm-057576.o(.bss.set_led_gradation.s_hwCounter)
    [Anonymous Symbol]                       0x20001a18   Section        0  lto-llvm-057576.o(.bss.set_led_gradation.s_hwCounter)
    target_hi                                0x20001a1c   Data          16  lto-llvm-057576.o(.bss.target_hi)
    [Anonymous Symbol]                       0x20001a1c   Section        0  lto-llvm-057576.o(.bss.target_hi)
    timer_callbacks_pending                  0x20001a2c   Data           1  lto-llvm-057576.o(.bss.timer_callbacks_pending)
    [Anonymous Symbol]                       0x20001a2c   Section        0  lto-llvm-057576.o(.bss.timer_callbacks_pending)

    Global Symbols

    Symbol Name                              Value     Ov Type        Size  Object(Section)

    BuildAttributes$$THM_ISAv3M$S$PE$A:L22$X:L11$S22$IEEE1$IW$USESV6$~STKCKD$USESV7$~SHL$OTIME$ROPI$IEEEF$EBA8$UX$STANDARDLIB$REQ8$EABIv2 0x00000000   Number         0  anon$$obj.o ABSOLUTE
    _printf_flags                            0x00000000   Number         0  printf_stubs.o ABSOLUTE
    _printf_return_value                     0x00000000   Number         0  printf_stubs.o ABSOLUTE
    _printf_sizespec                         0x00000000   Number         0  printf_stubs.o ABSOLUTE
    _printf_widthprec                        0x00000000   Number         0  printf_stubs.o ABSOLUTE
    Image$$ZI$$Limit                          - Undefined Weak Reference
    __ARM_exceptions_init                     - Undefined Weak Reference
    __alloca_initialize                       - Undefined Weak Reference
    __arm_preinit_                            - Undefined Weak Reference
    __arm_relocate_pie_                       - Undefined Weak Reference
    __cxa_finalize                            - Undefined Weak Reference
    __sigvec_lookup                           - Undefined Weak Reference
    __user_heap_extent                        - Undefined Weak Reference
    _atexit_init                              - Undefined Weak Reference
    _call_atexit_fns                          - Undefined Weak Reference
    _clock_init                               - Undefined Weak Reference
    _fp_trap_init                             - Undefined Weak Reference
    _fp_trap_shutdown                         - Undefined Weak Reference
    _get_lc_collate                           - Undefined Weak Reference
    _get_lc_monetary                          - Undefined Weak Reference
    _get_lc_time                              - Undefined Weak Reference
    _getenv_init                              - Undefined Weak Reference
    _handle_redirection                       - Undefined Weak Reference
    _mutex_acquire                            - Undefined Weak Reference
    _mutex_free                               - Undefined Weak Reference
    _mutex_release                            - Undefined Weak Reference
    _printf_mbtowc                            - Undefined Weak Reference
    _printf_wc                                - Undefined Weak Reference
    _rand_init                                - Undefined Weak Reference
    _signal_finish                            - Undefined Weak Reference
    _signal_init                              - Undefined Weak Reference
    _stage2_boot                             0x10000001   Thumb Code     0  compile_time_choice.o(.text)
    read_flash_sreg                          0x100000bd   Thumb Code     0  compile_time_choice.o(.text)
    literals                                 0x100000cc   Number         0  compile_time_choice.o(.text)
    __Vectors                                0x10000100   Data         192  lto-llvm-057576.o(RESET)
    __main                                   0x100001c1   Thumb Code     8  __main.o(!!!main)
    __scatterload                            0x100001c9   Thumb Code     0  __scatter.o(!!!scatter)
    __scatterload_rt2                        0x100001c9   Thumb Code    52  __scatter.o(!!!scatter)
    __scatterload_rt2_thumb_only             0x100001c9   Thumb Code     0  __scatter.o(!!!scatter)
    __scatterload_null                       0x100001d9   Thumb Code     0  __scatter.o(!!!scatter)
    __scatterload_copy                       0x10000205   Thumb Code    26  __scatter_copy.o(!!handler_copy)
    __scatterload_zeroinit                   0x10000221   Thumb Code    28  __scatter_zi.o(!!handler_zi)
    _printf_percent                          0x1000023d   Thumb Code     0  _printf_percent.o(.ARM.Collect$$_printf_percent$$00000000)
    _printf_n                                0x1000023f   Thumb Code     0  _printf_n.o(.ARM.Collect$$_printf_percent$$00000001)
    _printf_p                                0x10000249   Thumb Code     0  _printf_p.o(.ARM.Collect$$_printf_percent$$00000002)
    _printf_f                                0x10000253   Thumb Code     0  _printf_f.o(.ARM.Collect$$_printf_percent$$00000003)
    _printf_e                                0x1000025d   Thumb Code     0  _printf_e.o(.ARM.Collect$$_printf_percent$$00000004)
    _printf_g                                0x10000267   Thumb Code     0  _printf_g.o(.ARM.Collect$$_printf_percent$$00000005)
    _printf_a                                0x10000271   Thumb Code     0  _printf_a.o(.ARM.Collect$$_printf_percent$$00000006)
    _printf_ll                               0x1000027b   Thumb Code     0  _printf_ll.o(.ARM.Collect$$_printf_percent$$00000007)
    _printf_i                                0x10000285   Thumb Code     0  _printf_i.o(.ARM.Collect$$_printf_percent$$00000008)
    _printf_d                                0x1000028f   Thumb Code     0  _printf_d.o(.ARM.Collect$$_printf_percent$$00000009)
    _printf_u                                0x10000299   Thumb Code     0  _printf_u.o(.ARM.Collect$$_printf_percent$$0000000A)
    _printf_o                                0x100002a3   Thumb Code     0  _printf_o.o(.ARM.Collect$$_printf_percent$$0000000B)
    _printf_x                                0x100002ad   Thumb Code     0  _printf_x.o(.ARM.Collect$$_printf_percent$$0000000C)
    _printf_lli                              0x100002b7   Thumb Code     0  _printf_lli.o(.ARM.Collect$$_printf_percent$$0000000D)
    _printf_lld                              0x100002c1   Thumb Code     0  _printf_lld.o(.ARM.Collect$$_printf_percent$$0000000E)
    _printf_llu                              0x100002cb   Thumb Code     0  _printf_llu.o(.ARM.Collect$$_printf_percent$$0000000F)
    _printf_llo                              0x100002d5   Thumb Code     0  _printf_llo.o(.ARM.Collect$$_printf_percent$$00000010)
    _printf_llx                              0x100002df   Thumb Code     0  _printf_llx.o(.ARM.Collect$$_printf_percent$$00000011)
    _printf_l                                0x100002e9   Thumb Code     0  _printf_l.o(.ARM.Collect$$_printf_percent$$00000012)
    _printf_c                                0x100002f3   Thumb Code     0  _printf_c.o(.ARM.Collect$$_printf_percent$$00000013)
    _printf_s                                0x100002fd   Thumb Code     0  _printf_s.o(.ARM.Collect$$_printf_percent$$00000014)
    _printf_lc                               0x10000307   Thumb Code     0  _printf_lc.o(.ARM.Collect$$_printf_percent$$00000015)
    _printf_ls                               0x10000311   Thumb Code     0  _printf_ls.o(.ARM.Collect$$_printf_percent$$00000016)
    _printf_percent_end                      0x1000031b   Thumb Code     0  _printf_percent_end.o(.ARM.Collect$$_printf_percent$$00000017)
    __rt_lib_init                            0x1000031f   Thumb Code     0  libinit.o(.ARM.Collect$$libinit$$00000000)
    __rt_lib_init_fp_1                       0x10000321   Thumb Code     0  libinit2.o(.ARM.Collect$$libinit$$00000002)
    __rt_lib_init_heap_2                     0x10000321   Thumb Code     0  libinit5.o(.ARM.Collect$$libinit$$0000000A)
    __rt_lib_init_preinit_1                  0x10000321   Thumb Code     0  libinit2.o(.ARM.Collect$$libinit$$00000006)
    __rt_lib_init_relocate_pie_1             0x10000321   Thumb Code     0  libinit2.o(.ARM.Collect$$libinit$$00000004)
    __rt_lib_init_heap_1                     0x10000329   Thumb Code     0  libinit2.o(.ARM.Collect$$libinit$$0000000C)
    __rt_lib_init_lc_common                  0x10000329   Thumb Code     0  libinit2.o(.ARM.Collect$$libinit$$00000011)
    __rt_lib_init_rand_1                     0x10000329   Thumb Code     0  libinit2.o(.ARM.Collect$$libinit$$00000010)
    __rt_lib_init_user_alloc_1               0x10000329   Thumb Code     0  libinit2.o(.ARM.Collect$$libinit$$0000000E)
    __rt_lib_init_lc_collate_1               0x1000032f   Thumb Code     0  libinit2.o(.ARM.Collect$$libinit$$00000013)
    __rt_lib_init_lc_ctype_2                 0x1000032f   Thumb Code     0  libinit2.o(.ARM.Collect$$libinit$$00000014)
    __rt_lib_init_lc_ctype_1                 0x1000033b   Thumb Code     0  libinit2.o(.ARM.Collect$$libinit$$00000015)
    __rt_lib_init_lc_monetary_1              0x1000033b   Thumb Code     0  libinit2.o(.ARM.Collect$$libinit$$00000017)
    __rt_lib_init_lc_numeric_2               0x1000033b   Thumb Code     0  libinit2.o(.ARM.Collect$$libinit$$00000018)
    __rt_lib_init_atexit_1                   0x10000345   Thumb Code     0  libinit2.o(.ARM.Collect$$libinit$$0000001D)
    __rt_lib_init_clock_1                    0x10000345   Thumb Code     0  libinit2.o(.ARM.Collect$$libinit$$00000023)
    __rt_lib_init_fp_trap_1                  0x10000345   Thumb Code     0  libinit2.o(.ARM.Collect$$libinit$$00000021)
    __rt_lib_init_getenv_1                   0x10000345   Thumb Code     0  libinit2.o(.ARM.Collect$$libinit$$00000025)
    __rt_lib_init_lc_numeric_1               0x10000345   Thumb Code     0  libinit2.o(.ARM.Collect$$libinit$$00000019)
    __rt_lib_init_lc_time_1                  0x10000345   Thumb Code     0  libinit2.o(.ARM.Collect$$libinit$$0000001B)
    __rt_lib_init_signal_1                   0x10000345   Thumb Code     0  libinit2.o(.ARM.Collect$$libinit$$0000001F)
    __rt_lib_init_stdio_2                    0x10000345   Thumb Code     0  libinit2.o(.ARM.Collect$$libinit$$00000026)
    __rt_lib_init_alloca_1                   0x10000349   Thumb Code     0  libinit2.o(.ARM.Collect$$libinit$$00000030)
    __rt_lib_init_argv_1                     0x10000349   Thumb Code     0  libinit2.o(.ARM.Collect$$libinit$$0000002E)
    __rt_lib_init_cpp_2                      0x10000349   Thumb Code     0  libinit2.o(.ARM.Collect$$libinit$$00000033)
    __rt_lib_init_exceptions_1               0x10000349   Thumb Code     0  libinit2.o(.ARM.Collect$$libinit$$00000032)
    __rt_lib_init_stdio_1                    0x10000349   Thumb Code     0  libinit2.o(.ARM.Collect$$libinit$$00000027)
    __rt_lib_init_cpp_1                      0x1000034d   Thumb Code     0  libinit2.o(.ARM.Collect$$libinit$$00000034)
    __rt_lib_init_return                     0x1000034d   Thumb Code     0  libinit2.o(.ARM.Collect$$libinit$$00000035)
    __rt_lib_shutdown                        0x10000359   Thumb Code     0  libshutdown.o(.ARM.Collect$$libshutdown$$00000000)
    __rt_lib_shutdown_cpp_1                  0x1000035b   Thumb Code     0  libshutdown2.o(.ARM.Collect$$libshutdown$$00000002)
    __rt_lib_shutdown_stdio_2                0x1000035b   Thumb Code     0  libshutdown2.o(.ARM.Collect$$libshutdown$$00000003)
    __rt_lib_shutdown_fp_trap_1              0x1000035f   Thumb Code     0  libshutdown2.o(.ARM.Collect$$libshutdown$$00000007)
    __rt_lib_shutdown_heap_1                 0x1000035f   Thumb Code     0  libshutdown2.o(.ARM.Collect$$libshutdown$$0000000F)
    __rt_lib_shutdown_return                 0x1000035f   Thumb Code     0  libshutdown2.o(.ARM.Collect$$libshutdown$$00000010)
    __rt_lib_shutdown_signal_1               0x1000035f   Thumb Code     0  libshutdown2.o(.ARM.Collect$$libshutdown$$0000000A)
    __rt_lib_shutdown_stdio_1                0x1000035f   Thumb Code     0  libshutdown2.o(.ARM.Collect$$libshutdown$$00000004)
    __rt_lib_shutdown_user_alloc_1           0x1000035f   Thumb Code     0  libshutdown2.o(.ARM.Collect$$libshutdown$$0000000C)
    __rt_entry                               0x10000361   Thumb Code     0  __rtentry.o(.ARM.Collect$$rtentry$$00000000)
    __rt_entry_presh_1                       0x10000361   Thumb Code     0  __rtentry2.o(.ARM.Collect$$rtentry$$00000002)
    __rt_entry_sh                            0x10000361   Thumb Code     0  __rtentry7.o(.ARM.Collect$$rtentry$$00000007)
    __rt_entry_li                            0x10000365   Thumb Code     0  __rtentry2.o(.ARM.Collect$$rtentry$$0000000A)
    __rt_entry_postsh_1                      0x10000365   Thumb Code     0  __rtentry2.o(.ARM.Collect$$rtentry$$00000009)
    __rt_entry_main                          0x10000369   Thumb Code     0  __rtentry2.o(.ARM.Collect$$rtentry$$0000000D)
    __rt_entry_postli_1                      0x10000369   Thumb Code     0  __rtentry2.o(.ARM.Collect$$rtentry$$0000000C)
    __rt_exit                                0x10000375   Thumb Code     0  rtexit.o(.ARM.Collect$$rtexit$$00000000)
    __rt_exit_ls                             0x10000377   Thumb Code     0  rtexit2.o(.ARM.Collect$$rtexit$$00000003)
    __rt_exit_prels_1                        0x10000377   Thumb Code     0  rtexit2.o(.ARM.Collect$$rtexit$$00000002)
    __rt_exit_exit                           0x1000037b   Thumb Code     0  rtexit2.o(.ARM.Collect$$rtexit$$00000004)
    __aeabi_memcpy4                          0x10000381   Thumb Code    56  rt_memcpy.o(.emb_text)
    __aeabi_memcpy8                          0x10000381   Thumb Code     0  rt_memcpy.o(.emb_text)
    __use_no_semihosting                     0x100003b9   Thumb Code     2  use_no_semi_2.o(.text)
    malloc                                   0x100003bb   Thumb Code    98  h1_alloc.o(.text)
    free                                     0x1000041d   Thumb Code    76  h1_free.o(.text)
    $Super$$vprintf                          0x10000469   Thumb Code    12  vprintf.o(.text)
    _printf_pre_padding                      0x10000479   Thumb Code    44  _printf_pad.o(.text)
    _printf_post_padding                     0x100004a5   Thumb Code    34  _printf_pad.o(.text)
    _printf_str                              0x100004c7   Thumb Code    82  _printf_str.o(.text)
    _printf_int_dec                          0x10000519   Thumb Code    90  _printf_dec.o(.text)
    _printf_longlong_dec                     0x10000585   Thumb Code    94  _printf_longlong_dec.o(.text)
    _printf_longlong_hex                     0x100005f5   Thumb Code    88  _printf_hex_int_ll_ptr.o(.text)
    _printf_int_hex                          0x1000064d   Thumb Code    28  _printf_hex_int_ll_ptr.o(.text)
    _printf_ll_hex                           0x10000669   Thumb Code    10  _printf_hex_int_ll_ptr.o(.text)
    _printf_hex_ptr                          0x10000673   Thumb Code    22  _printf_hex_int_ll_ptr.o(.text)
    __printf                                 0x1000068d   Thumb Code   386  __printf_flags_ss_wp.o(.text)
    puts                                     0x10000815   Thumb Code    38  puts.o(.text)
    __aeabi_assert                           0x10000841   Thumb Code    82  assert.o(.text)
    __assert                                 0x10000841   Thumb Code     0  assert.o(.text)
    strlen                                   0x100008bd   Thumb Code    62  strlen.o(.text)
    __I$use$semihosting                      0x10000901   Thumb Code     0  use_no_semi.o(.text)
    __use_no_semihosting_swi                 0x10000901   Thumb Code     2  use_no_semi.o(.text)
    __rt_heap_descriptor                     0x10000905   Thumb Code     8  rt_heap_descriptor_intlibspace.o(.text)
    __use_no_heap                            0x1000090d   Thumb Code     2  hguard.o(.text)
    __heap$guard                             0x1000090f   Thumb Code     2  hguard.o(.text)
    _terminate_user_alloc                    0x10000911   Thumb Code     2  init_alloc.o(.text)
    _init_user_alloc                         0x10000913   Thumb Code     2  init_alloc.o(.text)
    __Heap_Full                              0x10000915   Thumb Code    32  init_alloc.o(.text)
    __Heap_Broken                            0x10000935   Thumb Code    10  init_alloc.o(.text)
    _init_alloc                              0x1000093f   Thumb Code    90  init_alloc.o(.text)
    __Heap_Initialize                        0x10000999   Thumb Code    10  h1_init.o(.text)
    __Heap_DescSize                          0x100009a3   Thumb Code     4  h1_init.o(.text)
    _ll_udiv10                               0x100009a7   Thumb Code   122  lludiv10.o(.text)
    _printf_truncate_signed                  0x10000a21   Thumb Code    18  _printf_truncate.o(.text)
    _printf_truncate_unsigned                0x10000a33   Thumb Code    18  _printf_truncate.o(.text)
    _printf_int_common                       0x10000a45   Thumb Code   176  _printf_intcommon.o(.text)
    _printf_charcount                        0x10000af5   Thumb Code    38  _printf_charcount.o(.text)
    _printf_char_common                      0x10000b27   Thumb Code    32  _printf_char_common.o(.text)
    _printf_cs_common                        0x10000b4d   Thumb Code    22  _printf_char.o(.text)
    _printf_char                             0x10000b63   Thumb Code    16  _printf_char.o(.text)
    _printf_string                           0x10000b73   Thumb Code     8  _printf_char.o(.text)
    _printf_char_file                        0x10000b7d   Thumb Code    34  _printf_char_file.o(.text)
    _printf_wctomb                           0x10000ba5   Thumb Code   182  _printf_wctomb.o(.text)
    _printf_longlong_oct                     0x10000c61   Thumb Code    68  _printf_oct_int_ll.o(.text)
    _printf_int_oct                          0x10000ca5   Thumb Code    24  _printf_oct_int_ll.o(.text)
    _printf_ll_oct                           0x10000cbd   Thumb Code    10  _printf_oct_int_ll.o(.text)
    _initio                                  0x10000cd1   Thumb Code   216  initio.o(.text)
    _terminateio                             0x10000da9   Thumb Code    56  initio.o(.text)
    abort                                    0x10000e0d   Thumb Code    20  abort.o(.text)
    __assert_puts                            0x10000e21   Thumb Code    20  assert_puts.o(.text)
    _memset_w                                0x10000e35   Thumb Code    26  rt_memclr.o(.text)
    _memset                                  0x10000e4f   Thumb Code    30  rt_memclr.o(.text)
    __aeabi_memclr                           0x10000e6d   Thumb Code     4  rt_memclr.o(.text)
    __rt_memclr                              0x10000e6d   Thumb Code     0  rt_memclr.o(.text)
    __aeabi_memclr4                          0x10000e71   Thumb Code     0  rt_memclr.o(.text)
    __aeabi_memclr8                          0x10000e71   Thumb Code     0  rt_memclr.o(.text)
    __rt_memclr_w                            0x10000e71   Thumb Code     4  rt_memclr.o(.text)
    __aeabi_uidiv                            0x10000e75   Thumb Code     0  aeabi_sdiv.o(.text)
    __aeabi_uidivmod                         0x10000e75   Thumb Code    20  aeabi_sdiv.o(.text)
    __aeabi_idiv                             0x10000e89   Thumb Code     0  aeabi_sdiv.o(.text)
    __aeabi_idivmod                          0x10000e89   Thumb Code   338  aeabi_sdiv.o(.text)
    __rt_udiv10                              0x10000fe1   Thumb Code    40  rtudiv10.o(.text)
    __Heap_ProvideMemory                     0x10001009   Thumb Code    52  h1_extend.o(.text)
    _maybe_terminate_alloc                   0x10001009   Thumb Code     0  maybetermalloc1.o(.text)
    _printf_fp_dec_real                      0x100011d9   Thumb Code   620  _printf_fp_dec.o(.text)
    _printf_fp_hex_real                      0x10001451   Thumb Code   718  _printf_fp_hex.o(.text)
    _printf_lcs_common                       0x10001729   Thumb Code    22  _printf_wchar.o(.text)
    _printf_wchar                            0x1000173f   Thumb Code    16  _printf_wchar.o(.text)
    _printf_wstring                          0x1000174f   Thumb Code     8  _printf_wchar.o(.text)
    ferror                                   0x10001757   Thumb Code     8  ferror.o(.text)
    setvbuf                                  0x10001761   Thumb Code    72  setvbuf.o(.text)
    freopen                                  0x100017ad   Thumb Code   154  fopen.o(.text)
    fopen                                    0x10001847   Thumb Code    76  fopen.o(.text)
    _fclose_internal                         0x1000189d   Thumb Code    72  fclose.o(.text)
    fclose                                   0x1000189d   Thumb Code     0  fclose.o(.text)
    _c16rtomb                                0x100018e5   Thumb Code    66  _c16rtomb.o(.text)
    _wcrtomb                                 0x100018e5   Thumb Code     0  _c16rtomb.o(.text)
    __rt_SIGABRT                             0x10001927   Thumb Code    12  defsig_abrt_outer.o(.text)
    __rt_SIGRTRED                            0x10001933   Thumb Code    12  defsig_rtred_outer.o(.text)
    __rt_SIGRTMEM                            0x1000193f   Thumb Code    12  defsig_rtmem_outer.o(.text)
    $Super$$_sys_open                        0x1000194b   Thumb Code    20  sys_io.o(.text)
    _sys_close                               0x1000195f   Thumb Code    12  sys_io.o(.text)
    _sys_write                               0x1000196b   Thumb Code    16  sys_io.o(.text)
    _sys_read                                0x1000197b   Thumb Code    14  sys_io.o(.text)
    _sys_istty                               0x10001989   Thumb Code    12  sys_io.o(.text)
    _sys_seek                                0x10001995   Thumb Code    14  sys_io.o(.text)
    _sys_ensure                              0x100019a3   Thumb Code     2  sys_io.o(.text)
    _sys_flen                                0x100019a5   Thumb Code    12  sys_io.o(.text)
    __rt_ctype_table                         0x100019b1   Thumb Code    16  rt_ctype_table.o(.text)
    __semihosting_library_function           0x100019b1   Thumb Code     0  indicate_semi.o(.text)
    __rt_locale                              0x100019c1   Thumb Code     8  rt_locale_intlibspace.o(.text)
    _printf_fp_infnan                        0x100019c9   Thumb Code   120  _printf_fp_infnan.o(.text)
    _btod_etento                             0x10001a51   Thumb Code   210  bigflt0.o(.text)
    _btod_d2e                                0x10001b29   Thumb Code    64  btod.o(.text)
    _btod_emul                               0x10001f5d   Thumb Code    28  btod.o(.text)
    _btod_emuld                              0x10001f79   Thumb Code   144  btod.o(.text)
    _btod_ediv                               0x10002009   Thumb Code    26  btod.o(.text)
    _btod_edivd                              0x10002023   Thumb Code   124  btod.o(.text)
    _fseek                                   0x100020a9   Thumb Code   240  fseek.o(.text)
    fseek                                    0x100020a9   Thumb Code     0  fseek.o(.text)
    _seterr                                  0x1000219d   Thumb Code    20  stdio.o(.text)
    _writebuf                                0x100021b1   Thumb Code    98  stdio.o(.text)
    _fflush                                  0x10002213   Thumb Code    76  stdio.o(.text)
    _deferredlazyseek                        0x1000225f   Thumb Code    60  stdio.o(.text)
    exit                                     0x100022a9   Thumb Code    16  exit.o(.text)
    __sig_exit                               0x100022b9   Thumb Code    12  defsig_exit.o(.text)
    __rt_SIGABRT_inner                       0x100022c5   Thumb Code    14  defsig_abrt_inner.o(.text)
    __rt_SIGRTRED_inner                      0x100022f5   Thumb Code    14  defsig_rtred_inner.o(.text)
    __rt_SIGRTMEM_inner                      0x10002329   Thumb Code    22  defsig_rtmem_inner.o(.text)
    _ftell_internal                          0x10002379   Thumb Code    66  ftell.o(.text)
    ftell                                    0x10002379   Thumb Code     0  ftell.o(.text)
    __default_signal_display                 0x100023bb   Thumb Code    52  defsig_general.o(.text)
    strcmp                                   0x100023f1   Thumb Code   132  strcmp.o(.text)
    __aeabi_errno_addr                       0x10002479   Thumb Code     8  rt_errno_addr_intlibspace.o(.text)
    __errno$intlibspace                      0x10002479   Thumb Code     0  rt_errno_addr_intlibspace.o(.text)
    __rt_errno_addr$intlibspace              0x10002479   Thumb Code     0  rt_errno_addr_intlibspace.o(.text)
    __cpp_initialize__aeabi_                 0x10002481   Thumb Code    28  init_aeabi.o(.text)
    vprintf                                  0x100024a5   Thumb Code   188  lto-llvm-057576.o(.text.$Sub$$vprintf)
    __keep_stage2_boot                       0x100025a7   Thumb Code    14  lto-llvm-057576.o(.text.__keep_stage2_boot)
    __pico_entry                             0x100025b5   Thumb Code  1892  lto-llvm-057576.o(.text.__pico_entry)
    _sys_exit                                0x10002e13   Thumb Code     2  lto-llvm-057576.o(.text._sys_exit)
    fputc                                    0x100032d9   Thumb Code   172  lto-llvm-057576.o(.text.fputc)
    main                                     0x10003551   Thumb Code   124  lto-llvm-057576.o(.text.main)
    __ARM_common_ll_muluu                    0x10003a85   Thumb Code    50  calloc.o(i.__ARM_common_ll_muluu)
    __ARM_fpclassify                         0x10003ab9   Thumb Code    40  fpclassify.o(i.__ARM_fpclassify)
    _is_digit                                0x10003ae5   Thumb Code    14  __printf_wp.o(i._is_digit)
    _get_lc_numeric                          0x10003af5   Thumb Code    44  lc_numeric_c.o(locale$$code)
    _get_lc_ctype                            0x10003b21   Thumb Code    44  lc_ctype_c.o(locale$$code)
    _printf_fp_dec                           0x10003b4d   Thumb Code    16  printf1.o(x$fpl$printf1)
    _printf_fp_hex                           0x10003b5d   Thumb Code    16  printf2.o(x$fpl$printf2)
    __I$use$fp                               0x10003b6c   Number         0  usenofp.o(x$fpl$usenofp)
    __stdin_name                             0x10003bb0   Data           4  sys_io_names.o(.constdata)
    __stdout_name                            0x10003bb4   Data           4  sys_io_names.o(.constdata)
    __stderr_name                            0x10003bb8   Data           4  sys_io_names.o(.constdata)
    Region$$Table$$Base                      0x100040d4   Number         0  anon$$obj.o(Region$$Table)
    Region$$Table$$Limit                     0x10004124   Number         0  anon$$obj.o(Region$$Table)
    __ctype                                  0x1000414d   Data           0  lc_ctype_c.o(locale$$data)
    SHT$$INIT_ARRAY$$Base                    0x10004250   Number         0  lto-llvm-057576.o(.init_array.101)
    SHT$$INIT_ARRAY$$Limit                   0x10004258   Number         0  init_aeabi.o(.init_array)
    Image$$ARM_LIB_STACK_ONE$$ZI$$Base       0x200000c0   Number         0  anon$$obj.o ABSOLUTE
    Image$$ARM_LIB_STACK$$ZI$$Limit          0x200012c0   Number         0  anon$$obj.o ABSOLUTE
    Image$$ER_MUTEX_ARRAY$$ZI$$Base          0x200012c4   Number         0  anon$$obj.o ABSOLUTE
    Image$$ER_MUTEX_ARRAY$$ZI$$Limit         0x200012c4   Number         0  anon$$obj.o ABSOLUTE
    Long Thumb to Thumb Veneer to __aeabi_assert 0x200015f1   Thumb Code    12  anon$$obj.o(Veneer$$Code)
    __aeabi_stdin                            0x200015fc   Data           4  stdio_streams.o(.data)
    __aeabi_stdout                           0x20001600   Data           4  stdio_streams.o(.data)
    __aeabi_stderr                           0x20001604   Data           4  stdio_streams.o(.data)
    __stdin                                  0x20001638   Data          84  stdio_streams.o(.bss)
    __stdout                                 0x2000168c   Data          84  stdio_streams.o(.bss)
    __stderr                                 0x200016e0   Data          84  stdio_streams.o(.bss)
    __libspace_start                         0x20001734   Data          96  libspace.o(.bss)
    __temporary_stack_top$libspace           0x20001794   Data           0  libspace.o(.bss)
    Image$$ARM_LIB_HEAP$$ZI$$Base            0x20001a30   Number         0  anon$$obj.o ABSOLUTE
    Image$$ARM_LIB_HEAP$$ZI$$Limit           0x20002a30   Number         0  anon$$obj.o ABSOLUTE



==============================================================================

Memory Map of the image

  Image Entry point : 0x100001c1

  Load Region LR_STAGE2_BOOT (Base: 0x10000000, Size: 0x00000100, Max: 0x00000100, ABSOLUTE)

    Execution Region ER_STAGE2_BOOT (Exec base: 0x10000000, Load base: 0x10000000, Size: 0x000000f0, Max: 0x00000100, ABSOLUTE)

    Exec Addr    Load Addr    Size         Type   Attr      Idx    E Section Name        Object

    0x10000000   0x10000000   0x000000f0   Code   RO           19    .text               compile_time_choice.o


    Execution Region ER_FILL (Exec base: 0x100000f0, Load base: 0x100000f0, Size: 0x00000010, Max: 0x00000010, ABSOLUTE)

    Exec Addr    Load Addr    Size         Type   Attr      Idx    E Section Name        Object

    0x100000f0        -       0x00000010   Zero   RW            1    ER_FILL.bss         anon$$obj.o



  Load Region LR_ROM (Base: 0x10000100, Size: 0x00004590, Max: 0x001fff00, ABSOLUTE)

    Execution Region ER_ROM (Exec base: 0x10000100, Load base: 0x10000100, Size: 0x00004158, Max: 0x00200000, ABSOLUTE)

    Exec Addr    Load Addr    Size         Type   Attr      Idx    E Section Name        Object

    0x10000100   0x10000100   0x000000c0   Data   RO          688    RESET               lto-llvm-057576.o
    0x100001c0   0x100001c0   0x00000008   Code   RO          217  * !!!main             c_p.l(__main.o)
    0x100001c8   0x100001c8   0x0000003c   Code   RO          708    !!!scatter          c_p.l(__scatter.o)
    0x10000204   0x10000204   0x0000001a   Code   RO          710    !!handler_copy      c_p.l(__scatter_copy.o)
    0x1000021e   0x1000021e   0x00000002   PAD
    0x10000220   0x10000220   0x0000001c   Code   RO          712    !!handler_zi        c_p.l(__scatter_zi.o)
    0x1000023c   0x1000023c   0x00000002   Code   RO          199    .ARM.Collect$$_printf_percent$$00000000  c_p.l(_printf_percent.o)
    0x1000023e   0x1000023e   0x0000000a   Code   RO          273    .ARM.Collect$$_printf_percent$$00000001  c_p.l(_printf_n.o)
    0x10000248   0x10000248   0x0000000a   Code   RO          274    .ARM.Collect$$_printf_percent$$00000002  c_p.l(_printf_p.o)
    0x10000252   0x10000252   0x0000000a   Code   RO          278    .ARM.Collect$$_printf_percent$$00000003  c_p.l(_printf_f.o)
    0x1000025c   0x1000025c   0x0000000a   Code   RO          279    .ARM.Collect$$_printf_percent$$00000004  c_p.l(_printf_e.o)
    0x10000266   0x10000266   0x0000000a   Code   RO          280    .ARM.Collect$$_printf_percent$$00000005  c_p.l(_printf_g.o)
    0x10000270   0x10000270   0x0000000a   Code   RO          281    .ARM.Collect$$_printf_percent$$00000006  c_p.l(_printf_a.o)
    0x1000027a   0x1000027a   0x0000000a   Code   RO          285    .ARM.Collect$$_printf_percent$$00000007  c_p.l(_printf_ll.o)
    0x10000284   0x10000284   0x0000000a   Code   RO          276    .ARM.Collect$$_printf_percent$$00000008  c_p.l(_printf_i.o)
    0x1000028e   0x1000028e   0x0000000a   Code   RO          198    .ARM.Collect$$_printf_percent$$00000009  c_p.l(_printf_d.o)
    0x10000298   0x10000298   0x0000000a   Code   RO          277    .ARM.Collect$$_printf_percent$$0000000A  c_p.l(_printf_u.o)
    0x100002a2   0x100002a2   0x0000000a   Code   RO          275    .ARM.Collect$$_printf_percent$$0000000B  c_p.l(_printf_o.o)
    0x100002ac   0x100002ac   0x0000000a   Code   RO          197    .ARM.Collect$$_printf_percent$$0000000C  c_p.l(_printf_x.o)
    0x100002b6   0x100002b6   0x0000000a   Code   RO          283    .ARM.Collect$$_printf_percent$$0000000D  c_p.l(_printf_lli.o)
    0x100002c0   0x100002c0   0x0000000a   Code   RO          200    .ARM.Collect$$_printf_percent$$0000000E  c_p.l(_printf_lld.o)
    0x100002ca   0x100002ca   0x0000000a   Code   RO          284    .ARM.Collect$$_printf_percent$$0000000F  c_p.l(_printf_llu.o)
    0x100002d4   0x100002d4   0x0000000a   Code   RO          289    .ARM.Collect$$_printf_percent$$00000010  c_p.l(_printf_llo.o)
    0x100002de   0x100002de   0x0000000a   Code   RO          290    .ARM.Collect$$_printf_percent$$00000011  c_p.l(_printf_llx.o)
    0x100002e8   0x100002e8   0x0000000a   Code   RO          286    .ARM.Collect$$_printf_percent$$00000012  c_p.l(_printf_l.o)
    0x100002f2   0x100002f2   0x0000000a   Code   RO          272    .ARM.Collect$$_printf_percent$$00000013  c_p.l(_printf_c.o)
    0x100002fc   0x100002fc   0x0000000a   Code   RO          196    .ARM.Collect$$_printf_percent$$00000014  c_p.l(_printf_s.o)
    0x10000306   0x10000306   0x0000000a   Code   RO          287    .ARM.Collect$$_printf_percent$$00000015  c_p.l(_printf_lc.o)
    0x10000310   0x10000310   0x0000000a   Code   RO          288    .ARM.Collect$$_printf_percent$$00000016  c_p.l(_printf_ls.o)
    0x1000031a   0x1000031a   0x00000004   Code   RO          282    .ARM.Collect$$_printf_percent$$00000017  c_p.l(_printf_percent_end.o)
    0x1000031e   0x1000031e   0x00000002   Code   RO          531    .ARM.Collect$$libinit$$00000000  c_p.l(libinit.o)
    0x10000320   0x10000320   0x00000000   Code   RO          314    .ARM.Collect$$libinit$$00000002  c_p.l(libinit2.o)
    0x10000320   0x10000320   0x00000000   Code   RO          316    .ARM.Collect$$libinit$$00000004  c_p.l(libinit2.o)
    0x10000320   0x10000320   0x00000000   Code   RO          318    .ARM.Collect$$libinit$$00000006  c_p.l(libinit2.o)
    0x10000320   0x10000320   0x00000008   Code   RO          565    .ARM.Collect$$libinit$$0000000A  c_p.l(libinit5.o)
    0x10000328   0x10000328   0x00000000   Code   RO          321    .ARM.Collect$$libinit$$0000000C  c_p.l(libinit2.o)
    0x10000328   0x10000328   0x00000000   Code   RO          323    .ARM.Collect$$libinit$$0000000E  c_p.l(libinit2.o)
    0x10000328   0x10000328   0x00000000   Code   RO          325    .ARM.Collect$$libinit$$00000010  c_p.l(libinit2.o)
    0x10000328   0x10000328   0x00000006   Code   RO          326    .ARM.Collect$$libinit$$00000011  c_p.l(libinit2.o)
    0x1000032e   0x1000032e   0x00000000   Code   RO          328    .ARM.Collect$$libinit$$00000013  c_p.l(libinit2.o)
    0x1000032e   0x1000032e   0x0000000c   Code   RO          329    .ARM.Collect$$libinit$$00000014  c_p.l(libinit2.o)
    0x1000033a   0x1000033a   0x00000000   Code   RO          330    .ARM.Collect$$libinit$$00000015  c_p.l(libinit2.o)
    0x1000033a   0x1000033a   0x00000000   Code   RO          332    .ARM.Collect$$libinit$$00000017  c_p.l(libinit2.o)
    0x1000033a   0x1000033a   0x0000000a   Code   RO          333    .ARM.Collect$$libinit$$00000018  c_p.l(libinit2.o)
    0x10000344   0x10000344   0x00000000   Code   RO          334    .ARM.Collect$$libinit$$00000019  c_p.l(libinit2.o)
    0x10000344   0x10000344   0x00000000   Code   RO          336    .ARM.Collect$$libinit$$0000001B  c_p.l(libinit2.o)
    0x10000344   0x10000344   0x00000000   Code   RO          338    .ARM.Collect$$libinit$$0000001D  c_p.l(libinit2.o)
    0x10000344   0x10000344   0x00000000   Code   RO          340    .ARM.Collect$$libinit$$0000001F  c_p.l(libinit2.o)
    0x10000344   0x10000344   0x00000000   Code   RO          342    .ARM.Collect$$libinit$$00000021  c_p.l(libinit2.o)
    0x10000344   0x10000344   0x00000000   Code   RO          344    .ARM.Collect$$libinit$$00000023  c_p.l(libinit2.o)
    0x10000344   0x10000344   0x00000000   Code   RO          346    .ARM.Collect$$libinit$$00000025  c_p.l(libinit2.o)
    0x10000344   0x10000344   0x00000004   Code   RO          347    .ARM.Collect$$libinit$$00000026  c_p.l(libinit2.o)
    0x10000348   0x10000348   0x00000000   Code   RO          348    .ARM.Collect$$libinit$$00000027  c_p.l(libinit2.o)
    0x10000348   0x10000348   0x00000000   Code   RO          352    .ARM.Collect$$libinit$$0000002E  c_p.l(libinit2.o)
    0x10000348   0x10000348   0x00000000   Code   RO          354    .ARM.Collect$$libinit$$00000030  c_p.l(libinit2.o)
    0x10000348   0x10000348   0x00000000   Code   RO          356    .ARM.Collect$$libinit$$00000032  c_p.l(libinit2.o)
    0x10000348   0x10000348   0x00000004   Code   RO          357    .ARM.Collect$$libinit$$00000033  c_p.l(libinit2.o)
    0x1000034c   0x1000034c   0x00000000   Code   RO          358    .ARM.Collect$$libinit$$00000034  c_p.l(libinit2.o)
    0x1000034c   0x1000034c   0x00000002   Code   RO          359    .ARM.Collect$$libinit$$00000035  c_p.l(libinit2.o)
    0x1000034e   0x1000034e   0x00000002   PAD
    0x10000350   0x10000350   0x00000008   Code   RO          566    .ARM.Collect$$libinit$$0000271B  c_p.l(libinit5.o)
    0x10000358   0x10000358   0x00000002   Code   RO          599    .ARM.Collect$$libshutdown$$00000000  c_p.l(libshutdown.o)
    0x1000035a   0x1000035a   0x00000000   Code   RO          458    .ARM.Collect$$libshutdown$$00000002  c_p.l(libshutdown2.o)
    0x1000035a   0x1000035a   0x00000004   Code   RO          459    .ARM.Collect$$libshutdown$$00000003  c_p.l(libshutdown2.o)
    0x1000035e   0x1000035e   0x00000000   Code   RO          460    .ARM.Collect$$libshutdown$$00000004  c_p.l(libshutdown2.o)
    0x1000035e   0x1000035e   0x00000000   Code   RO          463    .ARM.Collect$$libshutdown$$00000007  c_p.l(libshutdown2.o)
    0x1000035e   0x1000035e   0x00000000   Code   RO          466    .ARM.Collect$$libshutdown$$0000000A  c_p.l(libshutdown2.o)
    0x1000035e   0x1000035e   0x00000000   Code   RO          468    .ARM.Collect$$libshutdown$$0000000C  c_p.l(libshutdown2.o)
    0x1000035e   0x1000035e   0x00000000   Code   RO          471    .ARM.Collect$$libshutdown$$0000000F  c_p.l(libshutdown2.o)
    0x1000035e   0x1000035e   0x00000002   Code   RO          472    .ARM.Collect$$libshutdown$$00000010  c_p.l(libshutdown2.o)
    0x10000360   0x10000360   0x00000000   Code   RO          223    .ARM.Collect$$rtentry$$00000000  c_p.l(__rtentry.o)
    0x10000360   0x10000360   0x00000000   Code   RO          379    .ARM.Collect$$rtentry$$00000002  c_p.l(__rtentry2.o)
    0x10000360   0x10000360   0x00000004   Code   RO          393    .ARM.Collect$$rtentry$$00000007  c_p.l(__rtentry7.o)
    0x10000364   0x10000364   0x00000000   Code   RO          381    .ARM.Collect$$rtentry$$00000009  c_p.l(__rtentry2.o)
    0x10000364   0x10000364   0x00000004   Code   RO          382    .ARM.Collect$$rtentry$$0000000A  c_p.l(__rtentry2.o)
    0x10000368   0x10000368   0x00000000   Code   RO          384    .ARM.Collect$$rtentry$$0000000C  c_p.l(__rtentry2.o)
    0x10000368   0x10000368   0x00000008   Code   RO          385    .ARM.Collect$$rtentry$$0000000D  c_p.l(__rtentry2.o)
    0x10000370   0x10000370   0x00000004   Code   RO          394    .ARM.Collect$$rtentry$$00002718  c_p.l(__rtentry7.o)
    0x10000374   0x10000374   0x00000002   Code   RO          542    .ARM.Collect$$rtexit$$00000000  c_p.l(rtexit.o)
    0x10000376   0x10000376   0x00000000   Code   RO          570    .ARM.Collect$$rtexit$$00000002  c_p.l(rtexit2.o)
    0x10000376   0x10000376   0x00000004   Code   RO          571    .ARM.Collect$$rtexit$$00000003  c_p.l(rtexit2.o)
    0x1000037a   0x1000037a   0x00000006   Code   RO          572    .ARM.Collect$$rtexit$$00000004  c_p.l(rtexit2.o)
    0x10000380   0x10000380   0x00000038   Code   RO          299    .emb_text           c_p.l(rt_memcpy.o)
    0x100003b8   0x100003b8   0x00000002   Code   RO           66    .text               c_p.l(use_no_semi_2.o)
    0x100003ba   0x100003ba   0x00000062   Code   RO           77    .text               c_p.l(h1_alloc.o)
    0x1000041c   0x1000041c   0x0000004c   Code   RO           79    .text               c_p.l(h1_free.o)
    0x10000468   0x10000468   0x00000010   Code   RO          135    .text               c_p.l(vprintf.o)
    0x10000478   0x10000478   0x0000004e   Code   RO          147    .text               c_p.l(_printf_pad.o)
    0x100004c6   0x100004c6   0x00000052   Code   RO          149    .text               c_p.l(_printf_str.o)
    0x10000518   0x10000518   0x0000006c   Code   RO          151    .text               c_p.l(_printf_dec.o)
    0x10000584   0x10000584   0x00000070   Code   RO          153    .text               c_p.l(_printf_longlong_dec.o)
    0x100005f4   0x100005f4   0x00000098   Code   RO          173    .text               c_p.l(_printf_hex_int_ll_ptr.o)
    0x1000068c   0x1000068c   0x00000188   Code   RO          193    .text               c_p.l(__printf_flags_ss_wp.o)
    0x10000814   0x10000814   0x0000002c   Code   RO          205    .text               c_p.l(puts.o)
    0x10000840   0x10000840   0x0000007c   Code   RO          213    .text               c_p.l(assert.o)
    0x100008bc   0x100008bc   0x00000044   Code   RO          215    .text               c_p.l(strlen.o)
    0x10000900   0x10000900   0x00000002   Code   RO          219    .text               c_p.l(use_no_semi.o)
    0x10000902   0x10000902   0x00000002   PAD
    0x10000904   0x10000904   0x00000008   Code   RO          227    .text               c_p.l(rt_heap_descriptor_intlibspace.o)
    0x1000090c   0x1000090c   0x00000004   Code   RO          229    .text               c_p.l(hguard.o)
    0x10000910   0x10000910   0x00000088   Code   RO          231    .text               c_p.l(init_alloc.o)
    0x10000998   0x10000998   0x0000000e   Code   RO          235    .text               c_p.l(h1_init.o)
    0x100009a6   0x100009a6   0x0000007a   Code   RO          247    .text               c_p.l(lludiv10.o)
    0x10000a20   0x10000a20   0x00000024   Code   RO          249    .text               c_p.l(_printf_truncate.o)
    0x10000a44   0x10000a44   0x000000b0   Code   RO          251    .text               c_p.l(_printf_intcommon.o)
    0x10000af4   0x10000af4   0x00000026   Code   RO          253    .text               c_p.l(_printf_charcount.o)
    0x10000b1a   0x10000b1a   0x00000002   PAD
    0x10000b1c   0x10000b1c   0x00000030   Code   RO          255    .text               c_p.l(_printf_char_common.o)
    0x10000b4c   0x10000b4c   0x0000002e   Code   RO          259    .text               c_p.l(_printf_char.o)
    0x10000b7a   0x10000b7a   0x00000002   PAD
    0x10000b7c   0x10000b7c   0x00000028   Code   RO          261    .text               c_p.l(_printf_char_file.o)
    0x10000ba4   0x10000ba4   0x000000bc   Code   RO          263    .text               c_p.l(_printf_wctomb.o)
    0x10000c60   0x10000c60   0x00000070   Code   RO          270    .text               c_p.l(_printf_oct_int_ll.o)
    0x10000cd0   0x10000cd0   0x0000013c   Code   RO          291    .text               c_p.l(initio.o)
    0x10000e0c   0x10000e0c   0x00000014   Code   RO          295    .text               c_p.l(abort.o)
    0x10000e20   0x10000e20   0x00000014   Code   RO          297    .text               c_p.l(assert_puts.o)
    0x10000e34   0x10000e34   0x00000040   Code   RO          303    .text               c_p.l(rt_memclr.o)
    0x10000e74   0x10000e74   0x0000016c   Code   RO          305    .text               c_p.l(aeabi_sdiv.o)
    0x10000fe0   0x10000fe0   0x00000028   Code   RO          309    .text               c_p.l(rtudiv10.o)
    0x10001008   0x10001008   0x00000000   Code   RO          404    .text               c_p.l(maybetermalloc1.o)
    0x10001008   0x10001008   0x00000034   Code   RO          406    .text               c_p.l(h1_extend.o)
    0x1000103c   0x1000103c   0x00000414   Code   RO          410    .text               c_p.l(_printf_fp_dec.o)
    0x10001450   0x10001450   0x000002d8   Code   RO          414    .text               c_p.l(_printf_fp_hex.o)
    0x10001728   0x10001728   0x0000002e   Code   RO          419    .text               c_p.l(_printf_wchar.o)
    0x10001756   0x10001756   0x00000008   Code   RO          421    .text               c_p.l(ferror.o)
    0x1000175e   0x1000175e   0x00000002   PAD
    0x10001760   0x10001760   0x0000004c   Code   RO          423    .text               c_p.l(setvbuf.o)
    0x100017ac   0x100017ac   0x000000f0   Code   RO          426    .text               c_p.l(fopen.o)
    0x1000189c   0x1000189c   0x00000048   Code   RO          428    .text               c_p.l(fclose.o)
    0x100018e4   0x100018e4   0x00000042   Code   RO          436    .text               c_p.l(_c16rtomb.o)
    0x10001926   0x10001926   0x0000000c   Code   RO          438    .text               c_p.l(defsig_abrt_outer.o)
    0x10001932   0x10001932   0x0000000c   Code   RO          442    .text               c_p.l(defsig_rtred_outer.o)
    0x1000193e   0x1000193e   0x0000000c   Code   RO          446    .text               c_p.l(defsig_rtmem_outer.o)
    0x1000194a   0x1000194a   0x00000066   Code   RO          475    .text               c_p.l(sys_io.o)
    0x100019b0   0x100019b0   0x00000000   Code   RO          479    .text               c_p.l(indicate_semi.o)
    0x100019b0   0x100019b0   0x00000010   Code   RO          483    .text               c_p.l(rt_ctype_table.o)
    0x100019c0   0x100019c0   0x00000008   Code   RO          492    .text               c_p.l(rt_locale_intlibspace.o)
    0x100019c8   0x100019c8   0x00000088   Code   RO          496    .text               c_p.l(_printf_fp_infnan.o)
    0x10001a50   0x10001a50   0x000000d8   Code   RO          498    .text               c_p.l(bigflt0.o)
    0x10001b28   0x10001b28   0x00000580   Code   RO          501    .text               c_p.l(btod.o)
    0x100020a8   0x100020a8   0x000000f4   Code   RO          505    .text               c_p.l(fseek.o)
    0x1000219c   0x1000219c   0x0000010c   Code   RO          507    .text               c_p.l(stdio.o)
    0x100022a8   0x100022a8   0x00000010   Code   RO          512    .text               c_p.l(exit.o)
    0x100022b8   0x100022b8   0x0000000c   Code   RO          514    .text               c_p.l(defsig_exit.o)
    0x100022c4   0x100022c4   0x00000030   Code   RO          516    .text               c_p.l(defsig_abrt_inner.o)
    0x100022f4   0x100022f4   0x00000034   Code   RO          518    .text               c_p.l(defsig_rtred_inner.o)
    0x10002328   0x10002328   0x00000050   Code   RO          520    .text               c_p.l(defsig_rtmem_inner.o)
    0x10002378   0x10002378   0x00000042   Code   RO          550    .text               c_p.l(ftell.o)
    0x100023ba   0x100023ba   0x00000034   Code   RO          557    .text               c_p.l(defsig_general.o)
    0x100023ee   0x100023ee   0x00000002   PAD
    0x100023f0   0x100023f0   0x00000088   Code   RO          563    .text               c_p.l(strcmp.o)
    0x10002478   0x10002478   0x00000008   Code   RO          579    .text               c_p.l(rt_errno_addr_intlibspace.o)
    0x10002480   0x10002480   0x00000024   Code   RO          699    .text               c_p.l(init_aeabi.o)
    0x100024a4   0x100024a4   0x000000e0   Code   RO          615    .text.$Sub$$vprintf  lto-llvm-057576.o
    0x10002584   0x10002584   0x00000002   Code   RO          655    .text.Default_Handler  lto-llvm-057576.o
    0x10002586   0x10002586   0x00000002   Code   RO          653    .text.HardFault_Handler  lto-llvm-057576.o
    0x10002588   0x10002588   0x0000001c   Code   RO          651    .text.Reset_Handler  lto-llvm-057576.o
    0x100025a4   0x100025a4   0x00000002   Code   RO          601    .text.SysTick_Handler  lto-llvm-057576.o
    0x100025a6   0x100025a6   0x0000000e   Code   RO          657    .text.__keep_stage2_boot  lto-llvm-057576.o
    0x100025b4   0x100025b4   0x00000840   Code   RO          605    .text.__pico_entry  lto-llvm-057576.o
    0x10002df4   0x10002df4   0x0000001e   Code   RO          649    .text._retrieve_unique_id_on_boot  lto-llvm-057576.o
    0x10002e12   0x10002e12   0x00000002   Code   RO          613    .text._sys_exit     lto-llvm-057576.o
    0x10002e14   0x10002e14   0x00000198   Code   RO          625    .text.add_alarm_under_lock  lto-llvm-057576.o
    0x10002fac   0x10002fac   0x0000032c   Code   RO          623    .text.alarm_pool_alarm_callback  lto-llvm-057576.o
    0x100032d8   0x100032d8   0x000000cc   Code   RO          607    .text.fputc         lto-llvm-057576.o
    0x100033a4   0x100033a4   0x0000008c   Code   RO          643    .text.hardware_alarm_irq_handler  lto-llvm-057576.o
    0x10003430   0x10003430   0x00000120   Code   RO          645    .text.hardware_alarm_set_target  lto-llvm-057576.o
    0x10003550   0x10003550   0x000000bc   Code   RO          603    .text.main          lto-llvm-057576.o
    0x1000360c   0x1000360c   0x0000005c   Code   RO          647    .text.panic         lto-llvm-057576.o
    0x10003668   0x10003668   0x00000138   Code   RO          627    .text.ph_merge_two_pass  lto-llvm-057576.o
    0x100037a0   0x100037a0   0x00000160   Code   RO          631    .text.ph_remove_and_free_node  lto-llvm-057576.o
    0x10003900   0x10003900   0x00000120   Code   RO          629    .text.ph_remove_any_head  lto-llvm-057576.o
    0x10003a20   0x10003a20   0x0000004c   Code   RO          621    .text.timer_pool_entry_comparator  lto-llvm-057576.o
    0x10003a6c   0x10003a6c   0x0000000c   Ven    RO          714    Veneer$$Code        anon$$obj.o
    0x10003a78   0x10003a78   0x0000000c   Ven    RO          715    Veneer$$Code        anon$$obj.o
    0x10003a84   0x10003a84   0x00000032   Code   RO           75    i.__ARM_common_ll_muluu  c_p.l(calloc.o)
    0x10003ab6   0x10003ab6   0x00000002   PAD
    0x10003ab8   0x10003ab8   0x0000002c   Code   RO          535    i.__ARM_fpclassify  m_ps.l(fpclassify.o)
    0x10003ae4   0x10003ae4   0x0000000e   Code   RO          186    i._is_digit         c_p.l(__printf_wp.o)
    0x10003af2   0x10003af2   0x00000002   PAD
    0x10003af4   0x10003af4   0x0000002c   Code   RO          510    locale$$code        c_p.l(lc_numeric_c.o)
    0x10003b20   0x10003b20   0x0000002c   Code   RO          553    locale$$code        c_p.l(lc_ctype_c.o)
    0x10003b4c   0x10003b4c   0x00000010   Code   RO          360    x$fpl$printf1       fz_ps.l(printf1.o)
    0x10003b5c   0x10003b5c   0x00000010   Code   RO          362    x$fpl$printf2       fz_ps.l(printf2.o)
    0x10003b6c   0x10003b6c   0x00000000   Code   RO          534    x$fpl$usenofp       fz_ps.l(usenofp.o)
    0x10003b6c   0x10003b6c   0x00000028   Data   RO          174    .constdata          c_p.l(_printf_hex_int_ll_ptr.o)
    0x10003b94   0x10003b94   0x00000011   Data   RO          194    .constdata          c_p.l(__printf_flags_ss_wp.o)
    0x10003ba5   0x10003ba5   0x00000003   PAD
    0x10003ba8   0x10003ba8   0x00000008   Data   RO          264    .constdata          c_p.l(_printf_wctomb.o)
    0x10003bb0   0x10003bb0   0x00000004   Data   RO          370    .constdata          c_p.l(sys_io_names.o)
    0x10003bb4   0x10003bb4   0x00000004   Data   RO          371    .constdata          c_p.l(sys_io_names.o)
    0x10003bb8   0x10003bb8   0x00000004   Data   RO          372    .constdata          c_p.l(sys_io_names.o)
    0x10003bbc   0x10003bbc   0x00000026   Data   RO          415    .constdata          c_p.l(_printf_fp_hex.o)
    0x10003be2   0x10003be2   0x00000002   PAD
    0x10003be4   0x10003be4   0x00000094   Data   RO          499    .constdata          c_p.l(bigflt0.o)
    0x10003c78   0x10003c78   0x00000459   Data   RO          666    .rodata.str1.1      lto-llvm-057576.o
    0x100040d1   0x100040d1   0x00000003   PAD
    0x100040d4   0x100040d4   0x00000050   Data   RO          707    Region$$Table       anon$$obj.o
    0x10004124   0x10004124   0x0000001c   Data   RO          509    locale$$data        c_p.l(lc_numeric_c.o)
    0x10004140   0x10004140   0x00000110   Data   RO          552    locale$$data        c_p.l(lc_ctype_c.o)
    0x10004250   0x10004250   0x00000004   Data   RO          663    .init_array.101     lto-llvm-057576.o
    0x10004254   0x10004250   0x00000004   Data   RO          664    .init_array         lto-llvm-057576.o
    0x10004258   0x10004250   0x00000000   Data   RO          697    .init_array         c_p.l(init_aeabi.o)


    Execution Region ER_RAM_VECTOR_TABLE (Exec base: 0x20000000, Load base: 0x10004258, Size: 0x000000c0, Max: 0xffffffff, ABSOLUTE)

    Exec Addr    Load Addr    Size         Type   Attr      Idx    E Section Name        Object

    0x20000000   0x10004258   0x000000c0   Data   RW          687    .ram_vector_table   lto-llvm-057576.o


    Execution Region ARM_LIB_STACK_ONE (Exec base: 0x200000c0, Load base: 0x10004318, Size: 0x00000200, Max: 0x00000200, ABSOLUTE)

    Exec Addr    Load Addr    Size         Type   Attr      Idx    E Section Name        Object

    0x200000c0        -       0x00000200   Zero   RW            2    ARM_LIB_STACK_ONE.bss  anon$$obj.o


    Execution Region ARM_LIB_STACK (Exec base: 0x200002c0, Load base: 0x10004318, Size: 0x00001000, Max: 0x00001000, ABSOLUTE)

    Exec Addr    Load Addr    Size         Type   Attr      Idx    E Section Name        Object

    0x200002c0        -       0x00001000   Zero   RW            3    ARM_LIB_STACK.bss   anon$$obj.o


    Execution Region ER_MUTEX_ARRAY (Exec base: 0x200012c0, Load base: 0x10004318, Size: 0x00000004, Max: 0xffffffff, ABSOLUTE)

    Exec Addr    Load Addr    Size         Type   Attr      Idx    E Section Name        Object

    0x200012c0   0x10004318   0x00000001   Data   RW          665    .mutex_array        lto-llvm-057576.o


    Execution Region RW_RAM (Exec base: 0x200012c8, Load base: 0x10004320, Size: 0x00000768, Max: 0xffffffff, ABSOLUTE)

    Exec Addr    Load Addr    Size         Type   Attr      Idx    E Section Name        Object

    0x200012c8   0x10004320   0x00000024   Code   RO          639    .time_critical.flash_cs_force  lto-llvm-057576.o
    0x200012ec   0x10004344   0x00000114   Code   RO          637    .time_critical.flash_do_cmd  lto-llvm-057576.o
    0x20001400   0x10004458   0x0000000c   Code   RO          635    .time_critical.flash_enable_xip_via_boot2  lto-llvm-057576.o
    0x2000140c   0x10004464   0x00000164   Code   RO          633    .time_critical.flash_init_boot2_copyout  lto-llvm-057576.o
    0x20001570   0x100045c8   0x00000080   Code   RO          619    .time_critical.mutex_try_enter_block_until  lto-llvm-057576.o
    0x200015f0   0x10004648   0x0000000c   Ven    RO          716    Veneer$$Code        anon$$obj.o
    0x200015fc   0x10004654   0x00000004   Data   RW          210    .data               c_p.l(stdio_streams.o)
    0x20001600   0x10004658   0x00000004   Data   RW          211    .data               c_p.l(stdio_streams.o)
    0x20001604   0x1000465c   0x00000004   Data   RW          212    .data               c_p.l(stdio_streams.o)
    0x20001608   0x10004660   0x00000002   Data   RW          660    .data.breath_led.s_nGray  lto-llvm-057576.o
    0x2000160a   0x10004662   0x00000002   PAD
    0x2000160c   0x10004664   0x00000018   Data   RW          667    .data.default_alarm_pool  lto-llvm-057576.o
    0x20001624   0x1000467c   0x00000010   Data   RW          669    .data.default_alarm_pool_heap  lto-llvm-057576.o
    0x20001634   0x1000468c   0x00000001   Data   RW          682    .data.striped_spin_lock_num  lto-llvm-057576.o
    0x20001635   0x1000468d   0x00000003   PAD
    0x20001638        -       0x00000054   Zero   RW          207    .bss                c_p.l(stdio_streams.o)
    0x2000168c        -       0x00000054   Zero   RW          208    .bss                c_p.l(stdio_streams.o)
    0x200016e0        -       0x00000054   Zero   RW          209    .bss                c_p.l(stdio_streams.o)
    0x20001734        -       0x00000060   Zero   RW          376    .bss                c_p.l(libspace.o)
    0x20001794        -       0x00000010   Zero   RW          684    .bss.alarm_callbacks  lto-llvm-057576.o
    0x200017a4        -       0x00000100   Zero   RW          680    .bss.boot2_copyout  lto-llvm-057576.o
    0x200018a4        -       0x00000001   Zero   RW          679    .bss.boot2_copyout_valid  lto-llvm-057576.o
    0x200018a5   0x1000468d   0x00000001   PAD
    0x200018a6        -       0x00000002   Zero   RW          659    .bss.breath_led.s_hwCounter  lto-llvm-057576.o
    0x200018a8        -       0x00000001   Zero   RW          683    .bss.claimed.160    lto-llvm-057576.o
    0x200018a9   0x1000468d   0x00000003   PAD
    0x200018ac        -       0x00000004   Zero   RW          673    .bss.configured_freq.4  lto-llvm-057576.o
    0x200018b0        -       0x00000004   Zero   RW          674    .bss.configured_freq.5  lto-llvm-057576.o
    0x200018b4        -       0x00000004   Zero   RW          675    .bss.configured_freq.6  lto-llvm-057576.o
    0x200018b8        -       0x00000001   Zero   RW          676    .bss.configured_freq.7  lto-llvm-057576.o
    0x200018b9   0x1000468d   0x00000003   PAD
    0x200018bc        -       0x00000001   Zero   RW          677    .bss.configured_freq.8  lto-llvm-057576.o
    0x200018bd   0x1000468d   0x00000003   PAD
    0x200018c0        -       0x00000001   Zero   RW          678    .bss.configured_freq.9  lto-llvm-057576.o
    0x200018c1   0x1000468d   0x00000007   PAD
    0x200018c8        -       0x00000100   Zero   RW          670    .bss.default_alarm_pool_entries  lto-llvm-057576.o
    0x200019c8        -       0x00000010   Zero   RW          671    .bss.default_alarm_pool_entry_ids_high  lto-llvm-057576.o
    0x200019d8        -       0x00000030   Zero   RW          672    .bss.default_alarm_pool_heap_nodes  lto-llvm-057576.o
    0x20001a08        -       0x00000010   Zero   RW          668    .bss.pools          lto-llvm-057576.o
    0x20001a18        -       0x00000002   Zero   RW          661    .bss.set_led_gradation.s_hwCounter  lto-llvm-057576.o
    0x20001a1a   0x1000468d   0x00000002   PAD
    0x20001a1c        -       0x00000010   Zero   RW          686    .bss.target_hi      lto-llvm-057576.o
    0x20001a2c        -       0x00000001   Zero   RW          685    .bss.timer_callbacks_pending  lto-llvm-057576.o


    Execution Region RW_IRAM_NOINIT (Exec base: 0x20001a30, Load base: 0x10004690, Size: 0x00000000, Max: 0xffffffff, ABSOLUTE, UNINIT)

    **** No section assigned to this execution region ****


    Execution Region ARM_LIB_HEAP (Exec base: 0x20001a30, Load base: 0x10004690, Size: 0x00001000, Max: 0x00001000, ABSOLUTE)

    Exec Addr    Load Addr    Size         Type   Attr      Idx    E Section Name        Object

    0x20001a30        -       0x00001000   Zero   RW            4    ARM_LIB_HEAP.bss    anon$$obj.o


    Execution Region SRAM_WATERMARK (Exec base: 0x20002a30, Load base: 0x10004690, Size: 0x00000000, Max: 0x00000000, ABSOLUTE)

    Exec Addr    Load Addr    Size         Type   Attr      Idx    E Section Name        Object

    0x20002a30        -       0x00000000   Zero   RW            5    SRAM_WATERMARK.bss  anon$$obj.o


==============================================================================

Image component sizes


      Code (inc. data)   RO Data    RW Data    ZI Data      Debug   Object Name

       240         36          0          0          0       1064   compile_time_choice.o
      6384       1040       1313        236        646      90676   lto-llvm-057576.o

    ----------------------------------------------------------------------
      6660       1088       1396        244       9388      91740   Object Totals
        36         12         80          0       8720          0   (incl. Generated)
         0          0          3          8         22          0   (incl. Padding)

    ----------------------------------------------------------------------

      Code (inc. data)   RO Data    RW Data    ZI Data      Debug   Library Member Name

         8          0          0          0          0         68   __main.o
       392          6         17          0          0         76   __printf_flags_ss_wp.o
        14          0          0          0          0         60   __printf_wp.o
         0          0          0          0          0          0   __rtentry.o
        12          0          0          0          0          0   __rtentry2.o
         8          4          0          0          0          0   __rtentry7.o
        60          8          0          0          0          0   __scatter.o
        26          0          0          0          0          0   __scatter_copy.o
        28          0          0          0          0          0   __scatter_zi.o
        66          0          0          0          0         76   _c16rtomb.o
        10          0          0          0          0          0   _printf_a.o
        10          0          0          0          0          0   _printf_c.o
        46          0          0          0          0        100   _printf_char.o
        48          6          0          0          0         88   _printf_char_common.o
        40          6          0          0          0         72   _printf_char_file.o
        38          0          0          0          0         60   _printf_charcount.o
        10          0          0          0          0          0   _printf_d.o
       108         18          0          0          0         76   _printf_dec.o
        10          0          0          0          0          0   _printf_e.o
        10          0          0          0          0          0   _printf_f.o
      1044         12          0          0          0        116   _printf_fp_dec.o
       728         10         38          0          0         84   _printf_fp_hex.o
       136         16          0          0          0         76   _printf_fp_infnan.o
        10          0          0          0          0          0   _printf_g.o
       152          4         40          0          0        148   _printf_hex_int_ll_ptr.o
        10          0          0          0          0          0   _printf_i.o
       176          0          0          0          0         84   _printf_intcommon.o
        10          0          0          0          0          0   _printf_l.o
        10          0          0          0          0          0   _printf_lc.o
        10          0          0          0          0          0   _printf_ll.o
        10          0          0          0          0          0   _printf_lld.o
        10          0          0          0          0          0   _printf_lli.o
        10          0          0          0          0          0   _printf_llo.o
        10          0          0          0          0          0   _printf_llu.o
        10          0          0          0          0          0   _printf_llx.o
       112         18          0          0          0         76   _printf_longlong_dec.o
        10          0          0          0          0          0   _printf_ls.o
        10          0          0          0          0          0   _printf_n.o
        10          0          0          0          0          0   _printf_o.o
       112         10          0          0          0        112   _printf_oct_int_ll.o
        10          0          0          0          0          0   _printf_p.o
        78          0          0          0          0        100   _printf_pad.o
         2          0          0          0          0          0   _printf_percent.o
         4          0          0          0          0          0   _printf_percent_end.o
        10          0          0          0          0          0   _printf_s.o
        82          0          0          0          0         72   _printf_str.o
        36          0          0          0          0         76   _printf_truncate.o
        10          0          0          0          0          0   _printf_u.o
        46          0          0          0          0        100   _printf_wchar.o
       188          6          8          0          0         80   _printf_wctomb.o
        10          0          0          0          0          0   _printf_x.o
        20          0          0          0          0         68   abort.o
       364          4          0          0          0         92   aeabi_sdiv.o
       124         42          0          0          0         68   assert.o
        20          0          0          0          0         68   assert_puts.o
       216          6        148          0          0         80   bigflt0.o
      1408         30          0          0          0        260   btod.o
        50          0          0          0          0         80   calloc.o
        48         34          0          0          0         68   defsig_abrt_inner.o
        12          0          0          0          0         68   defsig_abrt_outer.o
        12          0          0          0          0         68   defsig_exit.o
        52          0          0          0          0         72   defsig_general.o
        80         58          0          0          0         68   defsig_rtmem_inner.o
        12          0          0          0          0         68   defsig_rtmem_outer.o
        52         38          0          0          0         68   defsig_rtred_inner.o
        12          0          0          0          0         68   defsig_rtred_outer.o
        16          0          0          0          0         68   exit.o
        72          0          0          0          0         76   fclose.o
         8          0          0          0          0         60   ferror.o
       240         10          0          0          0        108   fopen.o
       244          4          0          0          0         76   fseek.o
        66          0          0          0          0         68   ftell.o
        98          0          0          0          0         72   h1_alloc.o
        52          0          0          0          0         68   h1_extend.o
        76          0          0          0          0         72   h1_free.o
        14          0          0          0          0         76   h1_init.o
         4          0          0          0          0        120   hguard.o
         0          0          0          0          0          0   indicate_semi.o
        36          8          0          0          0         72   init_aeabi.o
       136          0          0          0          0        160   init_alloc.o
       316         44          0          0          0         96   initio.o
        44         10        272          0          0         76   lc_ctype_c.o
        44         10         28          0          0         76   lc_numeric_c.o
         2          0          0          0          0          0   libinit.o
        38          0          0          0          0          0   libinit2.o
        16          8          0          0          0          0   libinit5.o
         2          0          0          0          0          0   libshutdown.o
         6          0          0          0          0          0   libshutdown2.o
         0          0          0          0         96          0   libspace.o
       122          0          0          0          0         72   lludiv10.o
         0          0          0          0          0          0   maybetermalloc1.o
        44          6          0          0          0         68   puts.o
        16          4          0          0          0         76   rt_ctype_table.o
         8          4          0          0          0         68   rt_errno_addr_intlibspace.o
         8          4          0          0          0         68   rt_heap_descriptor_intlibspace.o
         8          4          0          0          0         68   rt_locale_intlibspace.o
        64          0          0          0          0        108   rt_memclr.o
        56          0          0          0          0         68   rt_memcpy.o
         2          0          0          0          0          0   rtexit.o
        10          0          0          0          0          0   rtexit2.o
        40          0          0          0          0         60   rtudiv10.o
        76          4          0          0          0         72   setvbuf.o
       268         14          0          0          0        152   stdio.o
         0          0          0         12        252          0   stdio_streams.o
       136          4          0          0          0         72   strcmp.o
        68          6          0          0          0         72   strlen.o
       102          0          0          0          0        232   sys_io.o
         0          0         12          0          0          0   sys_io_names.o
         2          0          0          0          0         68   use_no_semi.o
         2          0          0          0          0         68   use_no_semi_2.o
        16          4          0          0          0         68   vprintf.o
        16          4          0          0          0         76   printf1.o
        16          4          0          0          0         76   printf2.o
         0          0          0          0          0          0   usenofp.o
        44          4          0          0          0         60   fpclassify.o

    ----------------------------------------------------------------------
      9164        496        568         12        348       6080   Library Totals
        18          0          5          0          0          0   (incl. Padding)

    ----------------------------------------------------------------------

      Code (inc. data)   RO Data    RW Data    ZI Data      Debug   Library Name

      9070        484        563         12        348       5868   c_p.l
        32          8          0          0          0        152   fz_ps.l
        44          4          0          0          0         60   m_ps.l

    ----------------------------------------------------------------------
      9164        496        568         12        348       6080   Library Totals

    ----------------------------------------------------------------------

==============================================================================


      Code (inc. data)   RO Data    RW Data    ZI Data      Debug   

     15824       1584       1964        256       9736      94848   Grand Totals
     15824       1584       1964        256       9736      94848   ELF Image Totals
     15824       1584       1964        256          0          0   ROM Totals

==============================================================================

    Total RO  Size (Code + RO Data)                17788 (  17.37kB)
    Total RW  Size (RW Data + ZI Data)              9992 (   9.76kB)
    Total ROM Size (Code + RO Data + RW Data)      18044 (  17.62kB)

==============================================================================

